........................................................................ [  3%]
...............F........................................................ [  6%]
....................................................F.......F........... [  9%]
...FF.FF..F...FF.F.....F................................................ [ 12%]
........................................................................ [ 15%]
........................................................FFF...........FF [ 19%]
FF.................................................F............s....... [ 22%]
......................s................................................. [ 25%]
........................................................................ [ 28%]
........................................sss..................F.......... [ 31%]
................................x..FFF.................................. [ 35%]
........................................................................ [ 38%]
...........s............................. [ 40%]
.................. [ 40%]
........................................................................ [ 44%]
...................................................................... [ 47%]
.F................................................... [ 49%]
..............................EEEEEEEEEEE..ss........s.................... [ 52%]
...............................FFF...................................... [ 56%]
................................................EE......EE.............. [ 59%]
...F.F........F....F.........................................F.FF..... [ 62%]
........................................................... [ 64%]
........................................................................ [ 68%]
........................................................................ [ 71%]
s....................................................................... [ 74%]
..........................................ss...s........................ [ 77%]
........................................................................ [ 80%]
........................................................................ [ 84%]
........................................................................ [ 87%]
........................................................................ [ 90%]
......................F........F........................................ [ 93%]
......F................................................................. [ 96%]
.....................FF.....FF........................................   [100%]
============================== warnings summary ===============================
tests/test_zr905_audit_self_test.py::test_aud2_01_schedule_not_registered
  C:\Miniconda\Lib\site-packages\_pytest\threadexception.py:58: PytestUnhandledThreadExceptionWarning: Exception in thread Thread-7842 (_readerthread)
  
  Traceback (most recent call last):
    File "C:\Miniconda\Lib\threading.py", line 1043, in _bootstrap_inner
      self.run()
      ~~~~~~~~^^
    File "C:\Miniconda\Lib\threading.py", line 994, in run
      self._target(*self._args, **self._kwargs)
      ~~~~~~~~~~~~^^^^^^^^^^^^^^^^^^^^^^^^^^^^^
    File "C:\Miniconda\Lib\subprocess.py", line 1615, in _readerthread
      buffer.append(fh.read())
                    ~~~~~~~^^
    File "<frozen codecs>", line 325, in decode
  UnicodeDecodeError: 'utf-8' codec can't decode byte 0xb4 in position 0: invalid start byte
  
  Enable tracemalloc to get traceback where the object was allocated.
  See https://docs.pytest.org/en/stable/how-to/capture-warnings.html#resource-warnings for more info.
    warnings.warn(pytest.PytestUnhandledThreadExceptionWarning(msg))

-- Docs: https://docs.pytest.org/en/stable/how-to/capture-warnings.html
=========================== short test summary info ===========================
FAILED assurance/unified_completion/tests/test_g3_quality_reporting.py::test_two_freezes_stay_deterministic
FAILED assurance/unified_completion/tests/test_zr001_drift_ledger.py::test_every_bound_evidence_file_exists_with_matching_sha
FAILED assurance/unified_completion/tests/test_zr001_drift_ledger.py::test_ledger_rebuild_is_deterministic
FAILED assurance/unified_completion/tests/test_zr102_t1_runner.py::test_scenario_1_e2e
FAILED assurance/unified_completion/tests/test_zr102_t1_runner.py::test_scenario_4_e2e
FAILED assurance/unified_completion/tests/test_zr102_t1_runner.py::test_scenarios_2_and_3_e2e
FAILED assurance/unified_completion/tests/test_zr102_t1_runner.py::test_no_external_modification
FAILED assurance/unified_completion/tests/test_zr104_quality.py::test_two_freezes_are_identical
FAILED assurance/unified_completion/tests/test_zr104_quality.py::test_public_contracts_strict_type_annotations
FAILED assurance/unified_completion/tests/test_zr104_quality.py::test_compute_baseline_is_machine_computed
FAILED assurance/unified_completion/tests/test_zr105_ci_contract.py::test_workflow_files_match_frozen_hashes
FAILED assurance/unified_completion/tests/test_zr105_ci_contract.py::test_real_workflows_have_honest_gap_report
FAILED tests/test_ca202_daily_t2_runner.py::test_c1_runner_report_shape_and_triplet
FAILED tests/test_ca202_daily_t2_runner.py::test_c1_samples_check_sees_bound_artifacts
FAILED tests/test_ca202_daily_t2_runner.py::test_c2_run_leaves_catalog_and_roots_untouched
FAILED tests/test_ca203_weekly_t3.py::test_c2_first_download_then_zero_redownload
FAILED tests/test_ca203_weekly_t3.py::test_c3_amendment_downloads_only_missing_new_period
FAILED tests/test_ca203_weekly_t3.py::test_c4_provider_drift_preserves_local_no_fetch
FAILED tests/test_ca203_weekly_t3.py::test_c5_provider_canonical_reconciliation
FAILED tests/test_ca303_arch_quality.py::test_c3_complexity_ratchet_green - A...
FAILED tests/test_data_contract.py::DataContractTests::test_release_and_schema_versions_are_explicit
FAILED tests/test_fc1002_three_process_e2e.py::test_three_process_chain_exact_hit_zero_side_effects
FAILED tests/test_fc1002_three_process_e2e.py::test_chain_is_three_real_processes
FAILED tests/test_fc1002_three_process_e2e.py::test_missing_artifact_forces_producer_events
FAILED tests/test_mixed_aggregate_recognition.py::test_mixed_rejects_lagged_activity
FAILED tests/test_p5_source_default_cli_e2e.py::test_cli_default_v2_journey_survives_derived_deletion
FAILED tests/test_p5_source_default_cli_e2e.py::test_cli_corrupted_raw_refuses_then_heals
FAILED tests/test_p5_source_default_cli_e2e.py::test_cli_verified_missing_title_is_display_only_metadata
FAILED tests/test_rf_optional_tools_e2e.py::test_e4_default_is_green_and_never_touches_coverage
FAILED tests/test_rf_optional_tools_e2e.py::test_e4_full_mode_writes_only_into_its_scratch
FAILED tests/test_rf_release_checklist.py::test_c3_changelog_check_matches_the_real_version
FAILED tests/test_rf_release_checklist.py::test_c4_cli_green_end_to_end - Ass...
FAILED tests/test_schema_compatibility.py::SchemaCompatibilityRegistryTests::test_registry_matches_supported_schema_set
FAILED tests/test_schema_compatibility.py::SchemaCompatibilityRegistryTests::test_source_clock_version_emit_and_validation_matrix
FAILED tests/test_schema_compatibility.py::SchemaCompatibilityRegistryTests::test_unknown_schema_fails_closed
FAILED tests/test_zr802_combined_journeys.py::test_c1_cross_root_duplicate_candidates_fail_closed
FAILED tests/test_zr803_chaos_recovery.py::test_clock_future_captured_date_rejected_clean_input_validates
FAILED tests/test_zr902_daily_schedule.py::test_c7_run_daily_waits_before_opening_the_period
FAILED tests/test_zr907_drift_patrol.py::test_c3_patrol_core_gates_green - As...
FAILED tests/test_zr907_drift_patrol.py::test_c3_cli_reports_all_checks - Ass...
FAILED tools/tests/test_complexity_ratchet.py::ComplexityRatchetTests::test_frozen_files_do_not_worsen
FAILED tools/tests/test_complexity_ratchet.py::ComplexityRatchetTests::test_new_files_stay_simple
ERROR tests/test_narrative_source_preparation_e2e.py::test_real_persistent_producer_survives_rf_public_entry_and_restores_scratch[txt]
ERROR tests/test_narrative_source_preparation_e2e.py::test_real_persistent_producer_survives_rf_public_entry_and_restores_scratch[json]
ERROR tests/test_narrative_source_preparation_e2e.py::test_real_persistent_producer_survives_rf_public_entry_and_restores_scratch[pdf]
ERROR tests/test_narrative_source_preparation_e2e.py::test_real_persistent_producer_survives_rf_public_entry_and_restores_scratch[skip]
ERROR tests/test_narrative_source_preparation_e2e.py::test_real_producer_refusals_are_empty_bounded_and_fail_closed[entity]
ERROR tests/test_narrative_source_preparation_e2e.py::test_real_producer_refusals_are_empty_bounded_and_fail_closed[year]
ERROR tests/test_narrative_source_preparation_e2e.py::test_real_producer_refusals_are_empty_bounded_and_fail_closed[period]
ERROR tests/test_narrative_source_preparation_e2e.py::test_real_producer_refusals_are_empty_bounded_and_fail_closed[asof]
ERROR tests/test_narrative_source_preparation_e2e.py::test_real_producer_refusals_are_empty_bounded_and_fail_closed[artifact]
ERROR tests/test_narrative_source_preparation_e2e.py::test_real_producer_refusals_are_empty_bounded_and_fail_closed[raw_tamper]
ERROR tests/test_narrative_source_preparation_e2e.py::test_unknown_publication_has_metadata_but_no_historical_evidence
ERROR tests/test_rf_coverage_report.py::test_c3_run_keeps_every_coverage_file_in_its_scratch
ERROR tests/test_rf_coverage_report.py::test_c3_report_reads_the_explicit_run_results_without_pytest
ERROR tests/test_rf_coverage_report.py::test_c4_low_numbers_do_not_block - As...
ERROR tests/test_rf_coverage_report.py::test_c4_report_mode_tool_failure_is_nonzero
42 failed, 2184 passed, 13 skipped, 1 xfailed, 1 warning, 15 errors, 335 subtests passed in 894.40s (0:14:54)
........................................................................ [  3%]
.............FFF...........FFFF......................................... [  7%]
........F............s.............................s.................... [ 11%]
........................................................................ [ 15%]
.....................................................................sss [ 19%]
..................F..........................................x..FFF..... [ 23%]
........................................................................ [ 26%]
........................................s [ 29%]
......................................... [ 31%]
................................................. [ 33%]
...................................................................... [ 37%]
..............................F.................................................................................EEEEEEEEEEE..ss [ 44%]
........s...................................................FFF......... [ 48%]
........................................................................ [ 51%]
.....EE......EE.................F.F........F....F....................... [ 55%]
..................F.FF................................... [ 58%]
........................................................................ [ 62%]
........................................................................ [ 66%]
.............................s.......................................... [ 70%]
........................................................