..................                                                 [100%]
================================== FAILURES ===================================
_ PeriodFlowContractUnitTests.test_near_quarter_day_counts_are_not_whole_calendar_months (start='2026-01-02', end='2026-03-28') _

self = <test_m3_period_flow_contract.PeriodFlowContractUnitTests testMethod=test_near_quarter_day_counts_are_not_whole_calendar_months>

    def test_near_quarter_day_counts_are_not_whole_calendar_months(self) -> None:
        for start, end in (
            ("2026-01-02", "2026-03-28"),
            ("2026-01-01", "2026-03-27"),
            ("2026-01-01", "2026-07-03"),
        ):
            with self.subTest(start=start, end=end):
                data = schema_3_9_document()
                add_flow_parameter(data, "partial_flow", 55.0, start, end, 2026)
>               with self.assertRaisesRegex(ForecastInputError, "month"):
                     ^^^^^^^^^^^^^^^^^^^^^^^^^^^^^^^^^^^^^^^^^^^^^^^^^^^
E               AssertionError: ForecastInputError not raised

tests\test_m3_period_flow_contract.py:232: AssertionError
_ PeriodFlowContractUnitTests.test_near_quarter_day_counts_are_not_whole_calendar_months (start='2026-01-01', end='2026-03-27') _

self = <test_m3_period_flow_contract.PeriodFlowContractUnitTests testMethod=test_near_quarter_day_counts_are_not_whole_calendar_months>

    def test_near_quarter_day_counts_are_not_whole_calendar_months(self) -> None:
        for start, end in (
            ("2026-01-02", "2026-03-28"),
            ("2026-01-01", "2026-03-27"),
            ("2026-01-01", "2026-07-03"),
        ):
            with self.subTest(start=start, end=end):
                data = schema_3_9_document()
                add_flow_parameter(data, "partial_flow", 55.0, start, end, 2026)
>               with self.assertRaisesRegex(ForecastInputError, "month"):
                     ^^^^^^^^^^^^^^^^^^^^^^^^^^^^^^^^^^^^^^^^^^^^^^^^^^^
E               AssertionError: ForecastInputError not raised

tests\test_m3_period_flow_contract.py:232: AssertionError
_ PeriodFlowContractUnitTests.test_near_quarter_day_counts_are_not_whole_calendar_months (start='2026-01-01', end='2026-07-03') _

self = <test_m3_period_flow_contract.PeriodFlowContractUnitTests testMethod=test_near_quarter_day_counts_are_not_whole_calendar_months>

    def test_near_quarter_day_counts_are_not_whole_calendar_months(self) -> None:
        for start, end in (
            ("2026-01-02", "2026-03-28"),
            ("2026-01-01", "2026-03-27"),
            ("2026-01-01", "2026-07-03"),
        ):
            with self.subTest(start=start, end=end):
                data = schema_3_9_document()
                add_flow_parameter(data, "partial_flow", 55.0, start, end, 2026)
>               with self.assertRaisesRegex(ForecastInputError, "month"):
                     ^^^^^^^^^^^^^^^^^^^^^^^^^^^^^^^^^^^^^^^^^^^^^^^^^^^
E               AssertionError: ForecastInputError not raised

tests\test_m3_period_flow_contract.py:232: AssertionError
=========================== short test summary info ===========================
SUBFAILED(start='2026-01-02', end='2026-03-28') tests/test_m3_period_flow_contract.py::PeriodFlowContractUnitTests::test_near_quarter_day_counts_are_not_whole_calendar_months
SUBFAILED(start='2026-01-01', end='2026-03-27') tests/test_m3_period_flow_contract.py::PeriodFlowContractUnitTests::test_near_quarter_day_counts_are_not_whole_calendar_months
SUBFAILED(start='2026-01-01', end='2026-07-03') tests/test_m3_period_flow_contract.py::PeriodFlowContractUnitTests::test_near_quarter_day_counts_are_not_whole_calendar_months
3 failed, 18 passed, 3 subtests passed in 0.87s
