# I-11-A consolidated R2 + closure log
== I11A-10-build-hypotheses
hypotheses: 8
state distribution: {"pending_professional_decision": 6, "unquantified": 2}
cited values total: 46 {'CN-ZIJIN-AR2025': 25, 'CN-ZIJIN-AR2025-TXT': 5, 'US-MSFT-10K-FY2026': 16}
wrote C:\Users\郑曾波\Projects\revenue-forecast\.planning\2026-09-19-three-project-history-audit\execution_runs\I-11-A\a20260919-01\evidence\I-11-A\hypotheses.json
wrote C:\Users\郑曾波\Projects\revenue-forecast\.planning\2026-09-19-three-project-history-audit\execution_runs\I-11-A\a20260919-01\evidence\I-11-A\source_map.json
rc=0
== I11A-20-apply-review-fixes
fields rewritten: H-CN-ZIJIN-SEG-02:conversion_formula, source_map:HK-XIAOMI-AR2025:reason
rc=0
== I11A-01-p1-zijin
page 3 (obj 36): 770 chars
page 4 (obj 134): 891 chars
page 6 (obj 169): 734 chars
page 10 (obj 236): 1786 chars
page 11 (obj 254): 278 chars
page 15 (obj 382): 1347 chars
page 25 (obj 582): 1448 chars
page 26 (obj 598): 1007 chars
page 27 (obj 618): 1475 chars
page 28 (obj 634): 1129 chars
page 29 (obj 652): 1085 chars
page 30 (obj 672): 1083 chars
page 31 (obj 694): 368 chars
page 34 (obj 758): 1417 chars
page 39 (obj 848): 205 chars
page 43 (obj 924): 1991 chars
page 44 (obj 946): 1990 chars
page 45 (obj 968): 1400 chars
page 46 (obj 986): 781 chars
page 47 (obj 1002): 1784 chars
page 48 (obj 1020): 1688 chars
page 49 (obj 1038): 1203 chars
page 50 (obj 1058): 1076 chars
page 51 (obj 1078): 906 chars
page 53 (obj 1114): 1672 chars
page 54 (obj 1142): 910 chars
page 55 (obj 1162): 1391 chars
page 56 (obj 1178): 1482 chars
page 57 (obj 1194): 1132 chars
page 58 (obj 1210): 1191 chars
page 326 (obj 3667): 636 chars
page 327 (obj 3669): 1441 chars
page 328 (obj 3671): 1305 chars
page 329 (obj 3673): 670 chars
wrote C:\Users\郑曾波\Projects\revenue-forecast\.planning\2026-09-19-three-project-history-audit\execution_runs\I-11-A\a20260919-01\evidence\I-11-A\extract\P1_zijin_pages.json
rc=0
== I11A-02-offset-crosscheck
offset -1 compared 23 exact 1 only_mine 687 only_prior 1315
offset 0 compared 30 exact 0 only_mine 1209 only_prior 1906
offset 1 compared 20 exact 2 only_mine 352 only_prior 703
offset 2 compared 17 exact 0 only_mine 801 only_prior 927
best offset (prior - mine): 1
--- non-exact pages under best offset ---
prior p4 / mine p3: only_mine 7 ['010101', '020202', '030303', '040404', '2025', '2025', '552026'] | only_prior 6 ['01', '02', '03', '04', '2026', '55']
prior p11 / mine p10: only_mine 27 ['0', '0293.46', '1.641', '109110.45', '12', '199656617827973231266', '2', '2.171'] | only_prior 86 ['1.61', '1.64', '1.96', '10.45', '1091', '10968', '1256', '1883']
prior p26 / mine p25: only_mine 2 ['2025', '2025'] | only_prior 0 []
prior p27 / mine p26: only_mine 19 ['1085126885569', '112018112018', '11801979073', '120158914', '121088121088', '12328677670', '150909150909', '172307172307'] | only_prior 38 ['107801', '1085126', '112018', '112018', '118019', '12015', '121088', '121088']
prior p28 / mine p27: only_mine 2 ['2025', '2025'] | only_prior 0 []
prior p29 / mine p28: only_mine 4 ['25459170486', '25892589', '56811487', '57905790'] | only_prior 9 ['1487', '17048', '25459', '2589', '2589', '5681', '5790', '5790']
prior p30 / mine p29: only_mine 13 ['11361136789', '13600319502155505155505', '148641148641', '2025', '2025', '249038217361', '35745341065398518332576', '397679366002'] | only_prior 33 ['10242', '10242', '1136', '1136', '1346', '136003', '13781', '148641']
prior p31 / mine p30: only_mine 25 ['01', '1.240', '10986861141', '114717938', '13', '2270011577', '232.90191', '2405515155'] | only_prior 40 ['0.69', '1.24', '109868', '11471', '11577', '15155', '16803', '191.39']
prior p45 / mine p44: only_mine 47 ['02', '1252.45', '12582221124520101.030', '1319.21', '1416.37', '162922162950644', '198675661452789426.8851', '2.078'] | only_prior 110 ['0.16', '0.26', '1.03', '1.19', '1.23', '1.44', '11.02', '11.60']
prior p47 / mine p46: only_mine 1 ['2921261083029386475085'] | only_prior 2 ['29212610830', '29386475085']
prior p48 / mine p47: only_mine 5 ['1515410719447.01', '2025', '2025', '44288709089961214827', '75429516296488603468392656916945754.38'] | only_prior 8 ['15154107194', '26569169457', '4428870908', '47.01', '48860346839', '54.38', '75429516296', '9961214827']
prior p49 / mine p48: only_mine 66 ['0063262621.2688', '0119760.05128', '02', '0345212114.5544', '06', '0690197211.2873', '08', '12'] | only_prior 112 ['0.03', '0.04', '0.05', '0.05', '0.05', '0.07', '0.07', '0.08']
prior p50 / mine p49: only_mine 21 ['08', '100.002', '12146921527304', '183358279615', '2025', '2025', '23.813', '238777135495'] | only_prior 32 ['100.00', '113959', '1214692', '135495', '1527304', '1577632', '163763', '183358']
prior p51 / mine p50: only_mine 27 ['0122', '0393', '10.0510', '12025.10', '137.2926', '152025.5', '18', '19'] | only_prior 35 ['012', '039', '1', '10.05', '10.71', '121.31', '130.57', '137.29']
prior p54 / mine p53: only_mine 27 ['10999761012124211', '12146929288621527304', '1385022890140975481', '14193856181073602676', '14616191577632', '183358149661279615', '2025', '2025'] | only_prior 74 ['107887', '109997', '113687', '113959', '1214692', '123139', '124211', '1255805']
prior p56 / mine p55: only_mine 2 ['2025', '2025'] | only_prior 0 []
prior p327 / mine p326: only_mine 6 ['1', '2', '218', '3', '4', '4'] | only_prior 76 ['102333370', '104676367104', '10617446030', '11000', '119286342', '12584137779', '134062842189', '13416339061']
prior p328 / mine p327: only_mine 51 ['101167253469', '107662412219359695995592406961267064969708403', '10843849', '1099775563451658586448742921261083044030270803', '13118933', '13348441195829042865', '13827167295618968387929517052102577785572651236', '14072157723'] | only_prior 42 ['104631661534', '12', '12', '12', '15', '16800000', '16800000', '17']
wrote C:\Users\郑曾波\Projects\revenue-forecast\.planning\2026-09-19-three-project-history-audit\execution_runs\I-11-A\a20260919-01\evidence\I-11-A\extract\P1_vs_prior_offset.json
rc=0
== I11A-03-locate-statements
keyword locations (scanned 352 classic pages):
  pdf_page=44 obj=946 keyword=\u2460\u4e3b\u8425\u4e1a\u52a1\u5206\u884c\u4e1a\u3001\u5206\u4ea7\u54c1\u3001\u5206\u5730\u533a\u3001\u5206\u9500\u552e\u6a21\u5f0f\u60c5\u51b5
  pdf_page=44 obj=946 keyword=\u2461\u4ea7\u9500\u91cf\u60c5\u51b5\u5206\u6790\u8868
  pdf_page=56 obj=1178 keyword=2026\u5e74\u516c\u53f8\u4e3b\u8981\u77ff\u4ea7\u54c1\u4ea7\u91cf\u8ba1\u5212
  pdf_page=326 obj=3667 keyword=\u5206\u90e8\u62a5\u544a
  pdf_page=327 obj=3669 keyword=\u5bf9\u5916\u9500\u552e\u6536\u5165
  pdf_page=327 obj=3669 keyword=\u5206\u90e8\u62a5\u544a
  pdf_page=328 obj=3671 keyword=\u5bf9\u5916\u9500\u552e\u6536\u5165
  pdf_page=328 obj=3671 keyword=\u5206\u90e8\u62a5\u544a
  pdf_page=329 obj=3673 keyword=\u5206\u90e8\u62a5\u544a
rendered pages: [44, 45, 46, 47, 56, 326, 327, 328, 329]
tolerance measurement (glyph-run y gaps):
  page 44 max_gap<=0.8: 0.000 min_gap>0.8: 0.906
  page 45 max_gap<=0.8: 0.001 min_gap>0.8: 0.906
  page 46 max_gap<=0.8: 0.000 min_gap>0.8: 0.906
  page 47 max_gap<=0.8: 0.575 min_gap>0.8: 0.906
  page 56 max_gap<=0.8: 0.000 min_gap>0.8: 0.906
  page 326 max_gap<=0.8: 0.000 min_gap>0.8: 15.480
  page 327 max_gap<=0.8: 0.480 min_gap>0.8: 0.960
  page 328 max_gap<=0.8: 0.480 min_gap>0.8: 0.960
  page 329 max_gap<=0.8: 0.600 min_gap>0.8: 0.840
wrote C:\Users\郑曾波\Projects\revenue-forecast\.planning\2026-09-19-three-project-history-audit\execution_runs\I-11-A\a20260919-01\evidence\I-11-A\extract\P1_zijin_figures.json
rc=0
== I11A-07-msft-tables
source sha256=e3de0053021c02b033272b55551e383b31dba288c86cc12da2e32375e40ecfff byte_size=8585615 tables=88 rows=1749 revenue_matching_tables=6
--- table 10 (6 rows)
   |  |  | 
   | Commercial remaining performance obligation |  | Commercial portion of revenue allocated to remaining performance obligations, which includes unearned revenue and amounts that will be invoiced and recognized as revenue in future periods
   |  |  | 
   | Microsoft Cloud revenue and revenue growth |  | Revenue from Microsoft 365 Commercial cloud, Azure and other cloud services, the commercial portion of LinkedIn, and Dynamics 365
   |  |  | 
   | Microsoft Cloud gross margin percentage |  | Gross margin percentage for our Microsoft Cloud business
--- table 14 (43 rows)
   |  |  |  |  |  |  |  |  |  |  |  |  | 
   | (In millions, except percentages) |  | 2026 |  |  | 2025 |  |  | PercentageChange | 
   |  |  |  |  |  |  |  |  |  | 
   |  |  |  |  |  |  |  |  |  | 
   | Productivity and Business Processes |  |  |  |  |  |  |  |  |  |  |  | 
   |  |  |  |  |  |  |  |  |  |  |  |  | 
   | Revenue |  | $ | 139,996 |  |  | $ | 120,810 |  |  |  | 16% | 
   | Cost of revenue |  |  | 25,017 |  |  |  | 22,422 |  |  |  | 12% | 
   | Operating expenses |  |  | 31,100 |  |  |  | 28,615 |  |  |  | 9% | 
   |  |  |  |  |  |  |  |  |  | 
   |  |  |  |  |  |  |  |  |  | 
   | Operating income |  | $ | 83,879 |  |  | $ | 69,773 |  |  |  | 20% | 
   |  |  |  |  |  |  |  |  |  |  |  |  | 
   |  |  |  | 
   | Intelligent Cloud |  |  |  |  |  |  |  |  |  |  |  | 
   |  |  |  |  |  |  |  |  |  |  |  |  | 
   | Revenue |  | $ | 137,791 |  |  | $ | 106,265 |  |  |  | 30% | 
   | Cost of revenue |  |  | 57,876 |  |  |  | 40,171 |  |  |  | 44% | 
   | Operating expenses |  |  | 22,943 |  |  |  | 21,505 |  |  |  | 7% | 
   |  |  |  |  |  |  |  |  |  |  |  |  | 
   |  |  |  |  |  |  |  |  |  |  |  |  | 
   | Operating income |  | $ | 56,972 |  |  | $ | 44,589 |  |  |  | 28% | 
   |  |  |  |  |  |  |  |  |  |  |  |  | 
   |  |  |  |  |  |  |  |  |  |  |  |  | 
   | More Personal Computing |  |  |  |  |  |  |  |  |  |  |  | 
   |  |  |  |  |  |  |  |  |  |  |  |  | 
   | Revenue |  | $ | 54,052 |  |  | $ | 54,649 |  |  |  | (1)% | 
   | Cost of revenue |  |  | 23,481 |  |  |  | 25,238 |  |  |  | (7)% | 
   | Operating expenses |  |  | 16,185 |  |  |  | 15,245 |  |  |  | 6% | 
   |  |  |  |  |  |  |  |  |  |  |  |  | 
   |  |  |  |  |  |  |  |  |  |  |  |  | 
   | Operating income |  | $ | 14,386 |  |  | $ | 14,166 |  |  |  | 2% | 
   |  |  |  |  |  |  |  |  |  |  |  |  | 
   |  |  |  |  |  |  |  |  |  |  |  |  | 
   | Total |  |  |  |  |  |  |  |  |  |  |  | 
   |  |  |  |  |  |  |  |  |  |  |  |  | 
   | Revenue |  | $ | 331,839 |  |  | $ | 281,724 |  |  |  | 18% | 
   | Cost of revenue |  |  | 106,374 |  |  |  | 87,831 |  |  |  | 21% | 
   | Operating expenses |  |  | 70,228 |  |  |  | 65,365 |  |  |  | 7% | 
   |  |  |  |  |  |  |  |  |  |  |  |  | 
   |  |  |  |  |  |  |  |  |  |  |  |  | 
   | Operating income |  | $ | 155,237 |  |  | $ | 128,528 |  |  |  | 21% | 
   |  |  |  |  |  |  |  |  |  |  |  |  | 
--- table 47 (11 rows)
   |  |  |  |  |  |  |  |  |  |  |  |  |  |  |  |  |  |  |  |  |  |  |  |  |  |  |  |  | 
   | (In millions) |  |  | June 30,2024 |  |  |  | Acquisitions |  |  |  | Other |  |  |  | June 30,2025 |  |  |  | Acquisitions |  |  |  | Other |  |  |  | June 30,2026 | 
   |  |  |  |  |  |  |  |  |  |  |  |  |  |  |  |  |  |  |  |  |  |  |  |  |  |  |  |  | 
   |  |  |  |  |  |  |  |  |  |  |  |  |  |  |  |  |  |  |  |  |  |  |  |  |  |  |  |  | 
   | Productivity and Business Processes |  | $ | 31,361 |  |  | $ | 0 |  |  | $ | 96 |  |  | $ | 31,457 |  |  | $ | 67 |  |  | $ | 46 |  |  | $ | 31,570 | 
   | Intelligent Cloud |  |  | 25,648 |  |  |  | 0 |  |  |  | 41 |  |  |  | 25,689 |  |  |  | 36 |  |  |  | 16 |  |  |  | 25,741 | 
   | More Personal Computing |  |  | 62,211 |  |  |  | 0 |  |  |  | 152 |  |  |  | 62,363 |  |  |  | 5 |  |  |  | (28 | ) |  |  | 62,340 | 
   |  |  |  |  |  |  |  |  |  |  |  |  |  |  |  |  |  |  |  |  |  |  |  |  |  |  |  |  | 
   |  |  |  |  |  |  |  |  |  |  |  |  |  |  |  |  |  |  |  |  |  |  |  |  |  |  |  |  | 
   | Total |  | $ | 119,220 |  |  | $ | 0 |  |  | $ | 289 |  |  | $ | 119,509 |  |  | $ | 108 |  |  | $ | 34 |  |  | $ | 119,651 | 
   |  |  |  |  |  |  |  |  |  |  |  |  |  |  |  |  |  |  |  |  |  |  |  |  |  |  |  |  | 
--- table 60 (13 rows)
   |  |  |  |  |  |  |  |  | 
   | (In millions) |  |  |  |  |  | 
   |  | 
   |  |  |  | 
   | June 30, |  | 2026 |  |  | 2025 | 
   |  |  | 
   | Productivity and Business Processes |  | $ | 57,936 |  |  | $ | 50,567 | 
   | Intelligent Cloud |  |  | 14,942 |  |  |  | 14,022 | 
   | More Personal Computing |  |  | 2,834 |  |  |  | 2,676 | 
   |  |  |  |  |  | 
   |  |  |  |  |  | 
   | Total |  | $ | 75,712 |  |  | $ | 67,265 | 
   |  |  |  |  |  |  |  |  | 
--- table 74 (45 rows)
   |  |  |  |  |  |  |  |  |  |  |  |  | 
wrote C:\Users\郑曾波\Projects\revenue-forecast\.planning\2026-09-19-three-project-history-audit\execution_runs\I-11-A\a20260919-01\evidence\I-11-A\extract\P1_msft_tables.json
rc=0
== I11A-08-msft-scan
tables=88
=== table 76 rows=20 needles=3
   (In millions)
   Year Ended June 30, | 2026 | 2025 | 2024
   Server products and cloud services | $ | 129,425 | $ | 98,435 | $ | 79,828
   Microsoft 365 Commercial products and cloud services | 101,997 | 87,767 | 76,969
   XBOX | 21,790 | 23,455 | 21,503
   LinkedIn | 19,817 | 17,812 | 16,372
   Windows and Devices | 17,084 | 17,314 | 17,026
   Search advertising | 15,176 | 13,878 | 12,306
   Microsoft 365 Consumer products and cloud services | 9,175 | 7,404 | 6,648
   Dynamics products and cloud services | 9,006 | 7,827 | 6,831
   Enterprise and partner services | 8,260 | 7,760 | 7,594
   Other | 109 | 72 | 45
   Total | $ | 331,839 | $ | 281,724 | $ | 245,122
rc=0
== I11A-09-arithmetic-oracle
A1 pass difference=0
A2 pass difference=0
A3 pass difference=0
A4 pass difference=n/a (sign test, not a sum)
A5 pass difference=0
A6 pass difference=0
A7 pass difference=0
{"fail": 0, "identities": 7, "pass": 7, "rejected": 0}
wrote C:\Users\郑曾波\Projects\revenue-forecast\.planning\2026-09-19-three-project-history-audit\execution_runs\I-11-A\a20260919-01\evidence\I-11-A\extract\arithmetic_oracle.json
rc=0
== I11A-19-probe-xiaomi
HK-XIAOMI-AR2025 adversarial readability probe
sha256=ffd733761633f464d90f6829e9b2d3e089f2dee7054b8ebfe91ef617f222da7c byte_size=4405561
file-level byte counts: {"/Encrypt occurrences": 0, "/ObjStm occurrences": 423, "/Subtype /Type0 occurrences": 1, "/ToUnicode occurrences": 1, "/Type /Font occurrences": 5, "/Type /Page (non-Pages) occurrences": 420}
classic page objects found: 415 (first: [1, 5, 9, 13, 16])
classic font objects: 5, with ToUnicode reference: 1
decoded flate streams: 905; all-stream literal strings: 39620; all-stream hex strings: 40069
decoded CMap streams with bf blocks: 4 (blocks: 5)
contents of the first 30 pages: streams=30 missing=0 literals=3264 hex=2756
page sample:
  page 1 (obj 1): fragments=0 non_empty=0 characters=0
  page 2 (obj 5): fragments=0 non_empty=0 characters=0
  page 3 (obj 9): fragments=0 non_empty=0 characters=0
  page 5 (obj 16): fragments=0 non_empty=0 characters=0
  page 9 (obj 28): fragments=0 non_empty=0 characters=0
  page 20 (obj 61): fragments=0 non_empty=0 characters=0
conclusion: classic page objects CAN be enumerated (415 found, so object enumeration is not the blocker). Of the first 30 pages, 30 /Contents streams decoded and 0 were missing; those contents streams contain 3264 literal and 2756 hex strings in total, and the pages therefore yield 0 characters. Across the whole file only 1 of 5 classic font objects carry a /ToUnicode reference (the single raw-byte /ToUnicode occurrence) and 4 decoded CMap stream(s) contain bfchar/bfrange blocks, none of which are reachable from the sampled content streams by this reader. The independent pdftotext path exits 0 but emits Adobe-CNS1 mojibake. No cited value is taken from this source.
wrote C:\Users\郑曾波\Projects\revenue-forecast\.planning\2026-09-19-three-project-history-audit\execution_runs\I-11-A\a20260919-01\evidence\I-11-A\extract\P1_xiaomi_content_probe.json
rc=0
== I11A-04-p2-zijin
rc=0
== I11A-11-validate-hypotheses
positive case: pass (0 errors)
counterexample E_EMPTY_FIELD                      rejected=True observed=E_EMPTY_FIELD
counterexample E_SOURCE_TYPE_CLOSED               rejected=True observed=E_SOURCE_TYPE_CLOSED
counterexample E_BAD_PAGE_BASIS                   rejected=True observed=E_BAD_PAGE_BASIS
counterexample E_MGMT_TARGET_INDEPENDENT          rejected=True observed=E_MGMT_TARGET_INDEPENDENT
counterexample E_UNKNOWN_MODEL                    rejected=True observed=E_UNKNOWN_MODEL
counterexample E_UNKNOWN_DRIVER                   rejected=True observed=E_UNKNOWN_DRIVER
counterexample E_MISSING_FALSIFIER                rejected=True observed=E_MISSING_FALSIFIER,E_THRESHOLD_BASIS_INCONSISTENT
counterexample E_MISSING_REFUTED_BY               rejected=True observed=E_MISSING_REFUTED_BY
counterexample E_NO_DOUBLE_COUNT_RULE             rejected=True observed=E_NO_DOUBLE_COUNT_RULE
counterexample E_SOURCE_HASH_MISMATCH             rejected=True observed=E_SOURCE_HASH_MISMATCH
counterexample E_ANCHOR_NOT_FOUND                 rejected=True observed=E_ANCHOR_NOT_FOUND
counterexample E_STATE_APPROVED_BY_IMPLEMENTER    rejected=True observed=E_STATE_APPROVED_BY_IMPLEMENTER
counterexample E_DUPLICATE_PARAMETER              rejected=True observed=E_DUPLICATE_PARAMETER,E_UNKNOWN_DRIVER
counterexample E_LISTED_VALUE_NOT_IN_EVIDENCE     rejected=True observed=E_ANCHOR_NOT_FOUND,E_LISTED_VALUE_NOT_IN_EVIDENCE
counterexample E_STATE_APPROVED_BY_IMPLEMENTER    rejected=True observed=E_STATE_APPROVED_BY_IMPLEMENTER
counterexample E_THRESHOLD_BASIS_INCONSISTENT     rejected=True observed=E_THRESHOLD_BASIS_INCONSISTENT
counterexample E_EMPTY_FIELD                      rejected=True observed=E_EMPTY_FIELD
counterexample E_CHAIN_END_SEMANTICS              rejected=True observed=E_CHAIN_END_SEMANTICS
counterexample E_OBSERVATION_DATE_UNRESOLVED      rejected=True observed=E_OBSERVATION_DATE_UNRESOLVED
counterexample E_DUPLICATE_PARAMETER              rejected=True observed=E_DUPLICATE_PARAMETER
counterexample E_THRESHOLD_BASIS_UNKNOWN          rejected=True observed=E_THRESHOLD_BASIS_UNKNOWN
{"cited_values_total": 46, "documents": 3, "falsifier_candidates_total": 16, "hypotheses": 8, "independence_groups": {"MSFT-10K-FY2026": 3, "ZIJIN-AR2025": 4, "ZIJIN-MGMT-PLAN-2026": 1}, "parameters": 14, "refuted_by_total": 24, "source_types": {"company_disclosure": 7, "management_target": 1}, "sources_not_readable": 1, "states": {"pending_professional_decision": 6, "unquantified": 2}, "threshold_bases": {"arithmetic_identity": 4, "disclosure_definition": 1, "professional_judgement_required": 3}}
{"accepted_by_mistake": 0, "cases": 21, "rejected_as_expected": 21}
wrote C:\Users\郑曾波\Projects\revenue-forecast\.planning\2026-09-19-three-project-history-audit\execution_runs\I-11-A\a20260919-01\evidence\I-11-A\validation_report.json
rc=0
== I11A-12-state-before
before inventory files: 101 reviews mtime: 2026-09-19 09:14:20
  revenue-forecast b6cc90f85272 porcelain entries: 58
  company-wiki f39bd5a64224 porcelain entries: 2
  filing-fetch d35b6f5b09f1 porcelain entries: 0
wrote C:\Users\郑曾波\Projects\revenue-forecast\.planning\2026-09-19-three-project-history-audit\execution_runs\I-11-A\a20260919-01\evidence\I-11-A\state_before.json
rc=0
== I11A-13-state-after
after inventory files: 101 reviews mtime: 2026-09-19 09:14:20
  revenue-forecast b6cc90f85272 porcelain entries: 59
  company-wiki f39bd5a64224 porcelain entries: 2
  filing-fetch d35b6f5b09f1 porcelain entries: 0
wrote C:\Users\郑曾波\Projects\revenue-forecast\.planning\2026-09-19-three-project-history-audit\execution_runs\I-11-A\a20260919-01\evidence\I-11-A\state_after.json
rc=0
== I11A-18-finalize-state
captures distinct: False | capture_1: 2026-09-20T03:49:23+00:00 | capture_2: 2026-09-20T03:49:23+00:00
heads identical: True | key files: True | reviews listing: True
  company-wiki       porcelain 2 -> 2 (appeared 0, disappeared 0)
  filing-fetch       porcelain 0 -> 0 (appeared 0, disappeared 0)
  revenue-forecast   porcelain 58 -> 59 (appeared 1, disappeared 0)
porcelain entries inside the audit's execution_runs: 1
porcelain entries OUTSIDE the audit tree (must be none): []
wrote C:\Users\郑曾波\Projects\revenue-forecast\.planning\2026-09-19-three-project-history-audit\execution_runs\I-11-A\a20260919-01\evidence\I-11-A\state_before.json and C:\Users\郑曾波\Projects\revenue-forecast\.planning\2026-09-19-three-project-history-audit\execution_runs\I-11-A\a20260919-01\evidence\I-11-A\state_after.json
rc=0
== I11A-15-changes-diff
new files listed: 98
wrote C:\Users\郑曾波\Projects\revenue-forecast\.planning\2026-09-19-three-project-history-audit\execution_runs\I-11-A\a20260919-01\changes.diff
rc=0
== I11A-17-final-selfcheck
PROBLEM: the two state captures share one timestamp: they are not distinct captures
verdict: incomplete problems: 1
wrote C:\Users\郑曾波\Projects\revenue-forecast\.planning\2026-09-19-three-project-history-audit\execution_runs\I-11-A\a20260919-01\evidence\I-11-A\final_selfcheck.json
rc=1
== I11A-21-archive-run-log
logs indexed: 21
commands all match: False
selfcheck: incomplete ['the two state captures share one timestamp: they are not distinct captures']
wrote C:\Users\郑曾波\Projects\revenue-forecast\.planning\2026-09-19-three-project-history-audit\execution_runs\I-11-A\a20260919-01\evidence\I-11-A\run_log_archive.json sha256 dc1bb1082de4e13a69e29bf1ba5aeebdfc43891ede88390800032dc66e8b1458
rc=0
== I11A-16-hash-attempt-final
files hashed: 98
deliverables: binding.json, changes.diff, commands.json, decision.md, handoff.json, oracle.md, review.md
wrote C:\Users\郑曾波\Projects\revenue-forecast\.planning\2026-09-19-three-project-history-audit\execution_runs\I-11-A\a20260919-01\evidence\I-11-A\attempt_hashes.json
rc=0
== I11A-12-state-before
before inventory files: 103 reviews mtime: 2026-09-19 09:14:20
  revenue-forecast b6cc90f85272 porcelain entries: 70
  company-wiki f39bd5a64224 porcelain entries: 2
  filing-fetch d35b6f5b09f1 porcelain entries: 0
wrote C:\Users\郑曾波\Projects\revenue-forecast\.planning\2026-09-19-three-project-history-audit\execution_runs\I-11-A\a20260919-01\evidence\I-11-A\state_before.json
rc=0
== I11A-13-state-after
after inventory files: 103 reviews mtime: 2026-09-19 09:14:20
  revenue-forecast b6cc90f85272 porcelain entries: 70
  company-wiki f39bd5a64224 porcelain entries: 2
  filing-fetch d35b6f5b09f1 porcelain entries: 0
wrote C:\Users\郑曾波\Projects\revenue-forecast\.planning\2026-09-19-three-project-history-audit\execution_runs\I-11-A\a20260919-01\evidence\I-11-A\state_after.json
rc=0
== I11A-18-finalize-state
captures distinct: True | capture_1: 2026-09-20T03:50:07.925149+00:00 | capture_2: 2026-09-20T03:50:08.629345+00:00
heads identical: True | key files: True | reviews listing: True
  company-wiki       porcelain 2 -> 2 (appeared 0, disappeared 0)
  filing-fetch       porcelain 0 -> 0 (appeared 0, disappeared 0)
  revenue-forecast   porcelain 70 -> 70 (appeared 0, disappeared 0)
porcelain entries inside the audit's execution_runs: 0
porcelain entries OUTSIDE the audit tree (must be none): []
wrote C:\Users\郑曾波\Projects\revenue-forecast\.planning\2026-09-19-three-project-history-audit\execution_runs\I-11-A\a20260919-01\evidence\I-11-A\state_before.json and C:\Users\郑曾波\Projects\revenue-forecast\.planning\2026-09-19-three-project-history-audit\execution_runs\I-11-A\a20260919-01\evidence\I-11-A\state_after.json
rc=0
== I11A-15-changes-diff
new files listed: 100
wrote C:\Users\郑曾波\Projects\revenue-forecast\.planning\2026-09-19-three-project-history-audit\execution_runs\I-11-A\a20260919-01\changes.diff
rc=0
== I11A-17-final-selfcheck
verdict: complete_for_review problems: 0
wrote C:\Users\郑曾波\Projects\revenue-forecast\.planning\2026-09-19-three-project-history-audit\execution_runs\I-11-A\a20260919-01\evidence\I-11-A\final_selfcheck.json
rc=0
== I11A-21-archive-run-log
logs indexed: 22
commands all match: False
selfcheck: complete_for_review []
wrote C:\Users\郑曾波\Projects\revenue-forecast\.planning\2026-09-19-three-project-history-audit\execution_runs\I-11-A\a20260919-01\evidence\I-11-A\run_log_archive.json sha256 7b920c1895737f4d7d1e2649105646fa14b35de3101102a140ffad690fa52888
rc=0
== I11A-16-hash-attempt-final
files hashed: 100
deliverables: binding.json, changes.diff, commands.json, decision.md, handoff.json, oracle.md, review.md
wrote C:\Users\郑曾波\Projects\revenue-forecast\.planning\2026-09-19-three-project-history-audit\execution_runs\I-11-A\a20260919-01\evidence\I-11-A\attempt_hashes.json
rc=0
== I11A-21-archive-run-log
logs indexed: 22
commands all match: False
selfcheck: complete_for_review []
wrote C:\Users\郑曾波\Projects\revenue-forecast\.planning\2026-09-19-three-project-history-audit\execution_runs\I-11-A\a20260919-01\evidence\I-11-A\run_log_archive.json sha256 4f2711fc1aaefae51d16606aacb647201c69ddc181ab9f1fab2fd781a6f177a5
rc=0
== I11A-16-hash-attempt-final
files hashed: 100
deliverables: binding.json, changes.diff, commands.json, decision.md, handoff.json, oracle.md, review.md
wrote C:\Users\郑曾波\Projects\revenue-forecast\.planning\2026-09-19-three-project-history-audit\execution_runs\I-11-A\a20260919-01\evidence\I-11-A\attempt_hashes.json
rc=0
== I11A-17-final-selfcheck
verdict: complete_for_review problems: 0
wrote C:\Users\郑曾波\Projects\revenue-forecast\.planning\2026-09-19-three-project-history-audit\execution_runs\I-11-A\a20260919-01\evidence\I-11-A\final_selfcheck.json
rc=0
== I11A-16-hash-attempt-final
files hashed: 100
deliverables: binding.json, changes.diff, commands.json, decision.md, handoff.json, oracle.md, review.md
wrote C:\Users\郑曾波\Projects\revenue-forecast\.planning\2026-09-19-three-project-history-audit\execution_runs\I-11-A\a20260919-01\evidence\I-11-A\attempt_hashes.json
rc=0
== I11A-17-final-selfcheck
verdict: complete_for_review problems: 0
wrote C:\Users\郑曾波\Projects\revenue-forecast\.planning\2026-09-19-three-project-history-audit\execution_runs\I-11-A\a20260919-01\evidence\I-11-A\final_selfcheck.json
rc=0
== I11A-16-hash-attempt-final
files hashed: 100
deliverables: binding.json, changes.diff, commands.json, decision.md, handoff.json, oracle.md, review.md
wrote C:\Users\郑曾波\Projects\revenue-forecast\.planning\2026-09-19-three-project-history-audit\execution_runs\I-11-A\a20260919-01\evidence\I-11-A\attempt_hashes.json
rc=0
== I11A-17-final-selfcheck
verdict: complete_for_review problems: 0
wrote C:\Users\郑曾波\Projects\revenue-forecast\.planning\2026-09-19-three-project-history-audit\execution_runs\I-11-A\a20260919-01\evidence\I-11-A\final_selfcheck.json
rc=0
== I11A-22-update-handoff-hashes
hashed 18 files into handoff.current_source_hashes.r2_close_out_hashes
rc=0
