[22:56:55] ARMS START  fixed-parent sha256=2719b835f968e44043f171141978a81868b050f88b241084acc47c6230fbb103
[22:56:55] ARM B1-fixed-quiet START node=child_without_runtime cond=quiet runs=4 passes=2
[23:07:38]   B1-fixed-quiet| quiet p2 T0b run3 rc=0 passed wall=24.87s starts=2 hang=4 kills=1 
[23:07:38]   B1-fixed-quiet| quiet p2 T0 run4 rc=0 passed wall=24.57s starts=2 hang=4 kills=1 
[23:07:38]   B1-fixed-quiet| quiet p2 T0b run4 rc=0 passed wall=21.33s starts=2 hang=4 kills=1 
[23:07:38]   B1-fixed-quiet| tally: {"runs": 16, "passed": 16, "failed": 0, "timeout": 0, "error": 0, "unknown": 0, "pass_but_slow": 2}
[23:07:38]   B1-fixed-quiet| hang timeouts actually used: [4]
[23:07:38]   B1-fixed-quiet| out: C:\Users\郑曾波\Projects\revenue-forecast\.planning\2026-09-19-three-project-history-audit\execution_runs\I-14-E-APPLY\a20260921-01\after\bench-B1-fixed-quiet.json
[23:07:38] ARM B1-fixed-quiet EXIT=0
[23:07:38] ARM B1-fixed-quiet TALLY {"runs": 16, "passed": 16, "failed": 0, "timeout": 0, "error": 0, "unknown": 0, "pass_but_slow": 2}
[23:07:38] ARM B2-fixed-cpu8 START node=child_without_runtime cond=cpu runs=4 passes=2
[23:20:26]   B2-fixed-cpu8| cpu p2 T0b run3 rc=0 passed wall=38.28s starts=2 hang=4 kills=1 
[23:20:26]   B2-fixed-cpu8| cpu p2 T0 run4 rc=0 passed wall=36.87s starts=2 hang=4 kills=1 
[23:20:26]   B2-fixed-cpu8| cpu p2 T0b run4 rc=1 failed wall=64.24s starts=1 hang=4 kills=0 E               subprocess.TimeoutExpired: Command '['powershell.exe', '-NoProfile', '-NonInteractive', '-ExecutionPolicy', 'Bypass', '-File', 'C:\\Users\\郑曾波\\Projects\\revenue-forecast\\.planning\\2026-09-19-three-proj
[23:20:26]   B2-fixed-cpu8| tally: {"runs": 16, "passed": 15, "failed": 1, "timeout": 0, "error": 0, "unknown": 0, "pass_but_slow": 0}
[23:20:26]   B2-fixed-cpu8| hang timeouts actually used: [4]
[23:20:26]   B2-fixed-cpu8| out: C:\Users\郑曾波\Projects\revenue-forecast\.planning\2026-09-19-three-project-history-audit\execution_runs\I-14-E-APPLY\a20260921-01\after\bench-B2-fixed-cpu8.json
[23:20:26] ARM B2-fixed-cpu8 EXIT=0
[23:20:26] ARM B2-fixed-cpu8 TALLY {"runs": 16, "passed": 15, "failed": 1, "timeout": 0, "error": 0, "unknown": 0, "pass_but_slow": 0}
[23:20:26] ARM B3-mutant0.5-cpu8 START node=child_without_runtime cond=cpu runs=4 passes=2
[23:36:36]   B3-mutant0.5-cpu8| cpu p2 T0b run3 rc=1 failed wall=51.19s starts=1 hang=0.5 kills=1 E               subprocess.TimeoutExpired: Command '['powershell.exe', '-NoProfile', '-NonInteractive', '-ExecutionPolicy', 'Bypass', '-File', 'C:\\Users\\郑曾波\\Projects\\revenue-forecast\\.planning\\2026-09-19-three-proj
[23:36:36]   B3-mutant0.5-cpu8| cpu p2 T0 run4 rc=1 failed wall=57.95s starts=1 hang=0.5 kills=0 E               subprocess.TimeoutExpired: Command '['powershell.exe', '-NoProfile', '-NonInteractive', '-ExecutionPolicy', 'Bypass', '-File', 'C:\\Users\\郑曾波\\Projects\\revenue-forecast\\.planning\\2026-09-19-three-proj
[23:36:36]   B3-mutant0.5-cpu8| cpu p2 T0b run4 rc=1 failed wall=56.79s starts=0 hang=0.5 kills=0 E               subprocess.TimeoutExpired: Command '['powershell.exe', '-NoProfile', '-NonInteractive', '-ExecutionPolicy', 'Bypass', '-File', 'C:\\Users\\郑曾波\\Projects\\revenue-forecast\\.planning\\2026-09-19-three-proj
[23:36:36]   B3-mutant0.5-cpu8| tally: {"runs": 16, "passed": 0, "failed": 16, "timeout": 0, "error": 0, "unknown": 0, "pass_but_slow": 0}
[23:36:36]   B3-mutant0.5-cpu8| hang timeouts actually used: [0.5]
[23:36:36]   B3-mutant0.5-cpu8| out: C:\Users\郑曾波\Projects\revenue-forecast\.planning\2026-09-19-three-project-history-audit\execution_runs\I-14-E-APPLY\a20260921-01\after\bench-B3-mutant0.5-cpu8.json
[23:36:36] ARM B3-mutant0.5-cpu8 EXIT=0
[23:36:37] ARM B3-mutant0.5-cpu8 TALLY {"runs": 16, "passed": 0, "failed": 16, "timeout": 0, "error": 0, "unknown": 0, "pass_but_slow": 0}
[23:36:37] ARM B5-clockmut-cpu8 START node=child_without_runtime cond=cpu runs=2 passes=2
[23:38:02]   B5-clockmut-cpu8| cpu p1 T0 run1 rc=1 failed wall=31.19s starts=1 hang=900 kills=0 E               subprocess.TimeoutExpired: Command '['powershell.exe', '-NoProfile', '-NonInteractive', '-ExecutionPolicy', 'Bypass', '-File', 'C:\\Users\\郑曾波\\Projects\\revenue-forecast\\.planning\\2026-09-19-three-proj
[23:38:02] ARM B5-clockmut-cpu8 EXIT=3221225786
[23:38:02] ARM B4-nonvacuity-quiet START node=non_vacuity cond=quiet runs=2 passes=2
