[08:55:48] CAMPAIGN V2 START planned=22 already_recorded=0 fixed_suite_sha=2719b835f968e44043f171141978a81868b050f88b241084acc47c6230fbb103 mutant_suite_sha=7669940109782a725ff0bb95187c9b2b19bf0dda0c77f2b4d4f0a5ccd7d66f95 guard=180.0s burners=8 burner_expiry=300s
[08:55:48] ARM A1-fixed-quiet START N=6 expect=passed node=child_without_runtime
[08:56:35]   A1-fixed-quiet run1 quiet T0 outcome=passed expected=True wall=35.286s hang=4 starts=2 kills=1 archived=True
[08:57:25]   A1-fixed-quiet run2 quiet T0b outcome=passed expected=True wall=37.511s hang=4 starts=2 kills=1 archived=True
[08:58:15]   A1-fixed-quiet run3 quiet T0 outcome=passed expected=True wall=38.162s hang=4 starts=2 kills=1 archived=True
[08:59:06]   A1-fixed-quiet run4 quiet T0b outcome=passed expected=True wall=39.114s hang=4 starts=2 kills=1 archived=True
[08:59:58]   A1-fixed-quiet run5 quiet T0 outcome=passed expected=True wall=41.714s hang=4 starts=2 kills=1 archived=True
[09:00:51]   A1-fixed-quiet run6 quiet T0b outcome=passed expected=True wall=39.432s hang=4 starts=2 kills=1 archived=True
[09:00:51] ARM A1-fixed-quiet DONE tally={"planned": 6, "expect": "passed", "recorded": 6, "passed": 6, "failed": 0, "timeout": 0, "error": 0, "unknown": 0, "as_expected": 6, "not_as_expected": 0}
[09:00:51] ARM A2-fixed-cpu8 START N=6 expect=passed node=child_without_runtime
[09:02:02]   A2-fixed-cpu8 run1 cpu T0 outcome=passed expected=True wall=57.153s hang=4 starts=2 kills=1 archived=True
[09:03:07]   A2-fixed-cpu8 run2 cpu T0b outcome=passed expected=True wall=51.638s hang=4 starts=2 kills=1 archived=True
[09:04:08]   A2-fixed-cpu8 run3 cpu T0 outcome=passed expected=True wall=49.508s hang=4 starts=2 kills=1 archived=True
[09:05:12]   A2-fixed-cpu8 run4 cpu T0b outcome=passed expected=True wall=52.043s hang=4 starts=2 kills=1 archived=True
[09:06:20]   A2-fixed-cpu8 run5 cpu T0 outcome=passed expected=True wall=54.135s hang=4 starts=2 kills=1 archived=True
[09:07:16]   A2-fixed-cpu8 run6 cpu T0b outcome=passed expected=True wall=44.676s hang=4 starts=2 kills=1 archived=True
[09:07:16] ARM A2-fixed-cpu8 DONE tally={"planned": 6, "expect": "passed", "recorded": 6, "passed": 6, "failed": 0, "timeout": 0, "error": 0, "unknown": 0, "as_expected": 6, "not_as_expected": 0}
[09:07:16] ARM A3-nonvacuity START N=4 expect=passed node=non_vacuity
[09:08:07]   A3-nonvacuity run1 quiet T0 outcome=passed expected=True wall=39.168s hang=4 starts=3 kills=2 archived=True
[09:09:01]   A3-nonvacuity run2 quiet T0b outcome=passed expected=True wall=41.222s hang=4 starts=3 kills=2 archived=True
[09:10:09]   A3-nonvacuity run3 cpu T0 outcome=failed expected=False wall=53.455s hang=4 starts=3 kills=2 archived=True assert=E               subprocess.TimeoutExpired: Command '['powershell.exe', '-NoProfile', '-NonInteractive', '-ExecutionPolicy', 'Bypass', '-File', 'C:\\Users\\郑曾波\\Projects\\revenue-forecast\\.planning\\2026-09-19-three-proj
[09:11:29]   A3-nonvacuity run4 cpu T0b outcome=failed expected=False wall=60.366s hang=4 starts=3 kills=2 archived=True assert=E               subprocess.TimeoutExpired: Command '['powershell.exe', '-NoProfile', '-NonInteractive', '-ExecutionPolicy', 'Bypass', '-File', 'C:\\Users\\郑曾波\\Projects\\revenue-forecast\\.planning\\2026-09-19-three-proj
[09:11:29] ARM A3-nonvacuity DONE tally={"planned": 4, "expect": "passed", "recorded": 4, "passed": 2, "failed": 2, "timeout": 0, "error": 0, "unknown": 0, "as_expected": 2, "not_as_expected": 2}
[09:11:29] ARM A4-mutant05-cpu8 START N=6 expect=failed node=child_without_runtime
[09:15:09]   A4-mutant05-cpu8 run1 cpu M05 outcome=timeout expected=False wall=190.969s hang=0.5 starts=8 kills=8 archived=True
[09:16:06]   A4-mutant05-cpu8 run2 cpu M05 outcome=failed expected=True wall=31.938s hang=0.5 starts=10 kills=10 archived=True assert=E               subprocess.TimeoutExpired: Command '['powershell.exe', '-NoProfile', '-NonInteractive', '-ExecutionPolicy', 'Bypass', '-File', 'C:\\Users\\郑曾波\\Projects\\revenue-forecast\\.planning\\2026-09-19-three-proj
[09:17:04]   A4-mutant05-cpu8 run3 cpu M05 outcome=failed expected=True wall=34.524s hang=0.5 starts=3 kills=2 archived=True assert=E               subprocess.TimeoutExpired: Command '['powershell.exe', '-NoProfile', '-NonInteractive', '-ExecutionPolicy', 'Bypass', '-File', 'C:\\Users\\郑曾波\\Projects\\revenue-forecast\\.planning\\2026-09-19-three-proj
[09:18:17]   A4-mutant05-cpu8 run4 cpu M05 outcome=failed expected=True wall=37.141s hang=0.5 starts=9 kills=9 archived=True assert=E               subprocess.TimeoutExpired: Command '['powershell.exe', '-NoProfile', '-NonInteractive', '-ExecutionPolicy', 'Bypass', '-File', 'C:\\Users\\郑曾波\\Projects\\revenue-forecast\\.planning\\2026-09-19-three-proj
[09:19:24]   A4-mutant05-cpu8 run5 cpu M05 outcome=failed expected=True wall=39.248s hang=0.5 starts=9 kills=9 archived=True assert=E               subprocess.TimeoutExpired: Command '['powershell.exe', '-NoProfile', '-NonInteractive', '-ExecutionPolicy', 'Bypass', '-File', 'C:\\Users\\郑曾波\\Projects\\revenue-forecast\\.planning\\2026-09-19-three-proj
[09:20:15]   A4-mutant05-cpu8 run6 cpu M05 outcome=failed expected=True wall=27.641s hang=0.5 starts=11 kills=11 archived=True assert=E       AssertionError:
[09:20:15] ARM A4-mutant05-cpu8 DONE tally={"planned": 6, "expect": "failed", "recorded": 6, "passed": 0, "failed": 5, "timeout": 1, "error": 0, "unknown": 0, "as_expected": 5, "not_as_expected": 1}
[09:20:15] CAMPAIGN V2 COMPLETE recorded=22/22 not_as_expected=3 expectations_met=False
