  6  key_is_credential
  4  redact_text
  5  _redact_assignments
  4  _skip_left
  4  _credential_key_before
  4  _skip_right
  5  _skip_value_tokens
  8  _value_span
  1  _find_closing_quote
  2  redact_and_truncate
  3  _chained_exception
  5  exception_cause_types
  1  validate_reason
  1  stage_sequence
  1  is_registered_stage
  2  stages_for_reason
  1  _utc_now_iso
  2  _redact_detail
  5  _is_iso8601_utc
  2  _schema_problems
  2  _stage_problems
  5  _reason_stage_problems
  2  _emitted_at_problems
  3  validate_stage_event
FILE-MAX 8
