diff --git a/src/company_wiki/source_catalog/archive_retired_evidence.py b/src/company_wiki/source_catalog/archive_retired_evidence.py
--- a/src/company_wiki/source_catalog/archive_retired_evidence.py
+++ b/src/company_wiki/source_catalog/archive_retired_evidence.py
diff --git a/src/company_wiki/source_catalog/observability.py b/src/company_wiki/source_catalog/observability.py
--- a/src/company_wiki/source_catalog/observability.py
+++ b/src/company_wiki/source_catalog/observability.py
diff --git a/src/company_wiki/source_catalog/prompt_injection.py b/src/company_wiki/source_catalog/prompt_injection.py
--- a/src/company_wiki/source_catalog/prompt_injection.py
+++ b/src/company_wiki/source_catalog/prompt_injection.py
diff --git a/src/company_wiki/source_catalog/prune_retired_evidence.py b/src/company_wiki/source_catalog/prune_retired_evidence.py
--- a/src/company_wiki/source_catalog/prune_retired_evidence.py
+++ b/src/company_wiki/source_catalog/prune_retired_evidence.py
diff --git a/tests/contract/test_archive_retired_evidence_fail_closed.py b/tests/contract/test_archive_retired_evidence_fail_closed.py
new file mode 100644
--- /dev/null
+++ b/tests/contract/test_archive_retired_evidence_fail_closed.py
diff --git a/tests/contract/test_fc905_receipt_envelope.py b/tests/contract/test_fc905_receipt_envelope.py
--- a/tests/contract/test_fc905_receipt_envelope.py
+++ b/tests/contract/test_fc905_receipt_envelope.py
diff --git a/tests/contract/test_fc906a_producer_binding_metadata.py b/tests/contract/test_fc906a_producer_binding_metadata.py
--- a/tests/contract/test_fc906a_producer_binding_metadata.py
+++ b/tests/contract/test_fc906a_producer_binding_metadata.py
diff --git a/tests/contract/test_gp003_llm_exit_receipt_privacy_gate.py b/tests/contract/test_gp003_llm_exit_receipt_privacy_gate.py
--- a/tests/contract/test_gp003_llm_exit_receipt_privacy_gate.py
+++ b/tests/contract/test_gp003_llm_exit_receipt_privacy_gate.py
diff --git a/tests/contract/test_r4b05_metadata_provenance.py b/tests/contract/test_r4b05_metadata_provenance.py
--- a/tests/contract/test_r4b05_metadata_provenance.py
+++ b/tests/contract/test_r4b05_metadata_provenance.py
diff --git a/tests/contract/test_source_catalog_archive_retired.py b/tests/contract/test_source_catalog_archive_retired.py
--- a/tests/contract/test_source_catalog_archive_retired.py
+++ b/tests/contract/test_source_catalog_archive_retired.py
diff --git a/tests/contract/test_source_catalog_focus_admission.py b/tests/contract/test_source_catalog_focus_admission.py
--- a/tests/contract/test_source_catalog_focus_admission.py
+++ b/tests/contract/test_source_catalog_focus_admission.py
diff --git a/tests/contract/test_source_catalog_prune_retired.py b/tests/contract/test_source_catalog_prune_retired.py
--- a/tests/contract/test_source_catalog_prune_retired.py
+++ b/tests/contract/test_source_catalog_prune_retired.py
diff --git a/tests/contract/test_source_catalog_worker.py b/tests/contract/test_source_catalog_worker.py
--- a/tests/contract/test_source_catalog_worker.py
+++ b/tests/contract/test_source_catalog_worker.py
diff --git a/tests/contract/test_zr1003_shadow_assertions.py b/tests/contract/test_zr1003_shadow_assertions.py
--- a/tests/contract/test_zr1003_shadow_assertions.py
+++ b/tests/contract/test_zr1003_shadow_assertions.py
diff --git a/tools/pre_push_gate.py b/tools/pre_push_gate.py
--- a/tools/pre_push_gate.py
+++ b/tools/pre_push_gate.py
