=== 45-judgment-iso-copy-identity.log ===
reason: the session file sandbox (workspace-write) DENIES writes to %TEMP%\cwgu2\repo
(the card's iso), so the dual judgment runs in a byte-identical COPY at:
  C:\Users\郑曾波\AppData\Local\Temp\dsh-nedzqX\cwgu2j\repo
(writable session temp = scratch area; oracle A.7 '%TEMP% scratch' rule kept; the card's iso
itself is NOT mutated by this attempt — zero writes landed there).
source iso: C:\Users\郑曾波\AppData\Local\Temp\cwgu2\repo
scope: src/ tests/ tools/ scripts/ config/ + root pytest.ini conftest.py pyproject.toml
       config.yaml config_rules.yaml config_template.json ; __pycache__/.pytest_cache/
       .ruff_cache/.mypy_cache excluded from both sides.
files hash-compared: 678
hash differences: 0

extra files in copy (outside excluded dirs): 5
coverage.json
.ingested\ingested.db
.source_catalog\security_master\cn.json
.source_catalog\security_master\hk.json
.source_catalog\security_master\us.json
sha256 of judged data files:
  scratch\cov_beforeB.json = 8B18503772FF9A88358F68CDEC7AF5B8C072241BBE95C7B56206803E91532CF0
  scratch\cov_afterB.json  = 7C966B73ADD6196D1DA331E83F942E6D2D717B3B742D8934C94B736CCC2C21C0
