=== 47-final-15-file-shas.log ===
source of 'after': card iso C:\Users\郑曾波\AppData\Local\Temp\cwgu2\repo
source of 'before': CW production tree (READ-ONLY hash only) C:\Users\郑曾波\Projects\company-wiki
changes.diff sha256=100B19202F551A7B16137CA2A83B5D732FB17490B7802D6C9FC0972D2B04E611 bytes=66831

| # | file | group | before sha256 | after sha256 | changed |
| 1 | src/company_wiki/source_catalog/archive_retired_evidence.py | RC-2 product split | BBE855E4495E82D2A40B0185C9DB8EFA2639449FDD5F768120538ABB992B28AC | 2A236072E0C3CB3C3379020E855A1433091FBBDA42865C04AD0A6FDBC2AE01AD | True |
| 2 | src/company_wiki/source_catalog/observability.py | RC-2 product split | EDCBECCB9B13778EFE2D80C58A401C345856BF04220462E1FBBE56EA96111F4E | D398F92176AA91B49DC5B431C22BF7F98525D167B18DA20659742AE3B1FAA5D8 | True |
| 3 | src/company_wiki/source_catalog/prompt_injection.py | RC-2 product split | 88154DE4AB7630606C2545CDCDF9C3AC44FAF32BCAE0F83F33A1CEBC6D490F33 | 815691D1EB2B2A896CAB0B5A82B46A2A06A6AF978E720B46E2179D19523FD5D0 | True |
| 4 | src/company_wiki/source_catalog/prune_retired_evidence.py | RC-2 product split | 0C99BBE0C5F4EF16E7F84BA8AAE0548EF6F59A0080274D5BD1CE83A7D37990B0 | CE35EAB403F709D2AD8F28D586B44E02DD8C2D5C6844F5215F8699B4BA7C22B9 | True |
| 5 | tests/contract/test_archive_retired_evidence_fail_closed.py | NEW coverage vehicle | (absent: NEW file) | 90443A6B7AC568DF97ABA675568F5B86FC94ECD76015EF9B2F91C8E9707CA12C | True |
| 6 | tests/contract/test_fc905_receipt_envelope.py | TEST face | 555D15C1B8474A24D120B3CA60CB802D11F46811E373E0476E807E0D084D262A | 429DCA0FCE477419EE5B39A64A53EFE8CBBF26D173F0907639BD89F84FA5DD0A | True |
| 7 | tests/contract/test_fc906a_producer_binding_metadata.py | TEST face | 5D1B23FD369551E942CFBC6A2374EE5F5E9C039FD142E3423177268E4F7A65E1 | 5C4E3FCB8F4CE04A310B474A3A69D7E174747E2B4E3EC775E1F89A6B5CEA322A | True |
| 8 | tests/contract/test_gp003_llm_exit_receipt_privacy_gate.py | TEST face | 6DC6A87885D45930E99DF0B9CBCD508281386275F238B25E6A9C69B77E167B92 | 768CF10D102D15C56C8B7E5B52E304CB6B94D781D6545FE0F8B3D46E60562C7D | True |
| 9 | tests/contract/test_r4b05_metadata_provenance.py | TEST face | BD87715433ECDEF51B3573932CA8892B48E5DBBF86CD2D40A5E1A15B6F048A5A | 7FCC2F91D82BF21C4DCBC38F6FB456FC1A72A882EEC0C639E1A84D3BB7E9BDC4 | True |
| 10 | tests/contract/test_source_catalog_archive_retired.py | TEST face | 0A4195B1CF5493EF1360C03C47A8E83A095207DF02CD9D1C39A9A00DF6A03859 | CF5D8D1A0C6606E917CAB7FF444F5D3A220FBABAD550A9ABE2ABD4EC7DB7BE21 | True |
| 11 | tests/contract/test_source_catalog_focus_admission.py | TEST face | 62F35F780E647800AE535F4492C8CD11618781953B16129AD57D4972643F83A4 | F6A5B932A3A77C75B1E69C49919726DCC76F57B608E271E7BD28A20C1E34FF39 | True |
| 12 | tests/contract/test_source_catalog_prune_retired.py | TEST face | E0727C70414B155568A84B43245EAFBB7398F702AA2C071E07C2CA998EAF6862 | D70EECF3CE70CD6D548A067081766048F45CBC277BC583EEA297B6DE2C8763DA | True |
| 13 | tests/contract/test_source_catalog_worker.py | TEST face | 0993C90E0AFEF8BCCE40E3E8B3E7FD37D0BF9A2AE8079F65283A217C1C403B30 | 970FD40855549B5B040241E6ADB85E16AB86CF3DC684FDC91A90D216EF71DA85 | True |
| 14 | tests/contract/test_zr1003_shadow_assertions.py | TEST face | 8853FC7157F695E4C833C6BC106BD4FD9F0BEEBFFEA1DC8B4AF09F02E3555092 | 3185F67630D28356BD130CB1A0F70050E1F6A14941EB12EB97628D09101A8E61 | True |
| 15 | tools/pre_push_gate.py | RC-1 gate | 28338622CC3BFBD0DD3D98547844DC3500C2EC9A5FE656FAED641C7B8743EDC3 | D3F308B4A63B37D1A2C44994D824A45FB1BD956BFEF370427BF4FE36EBD1C490 | True |

byte sizes:
- src/company_wiki/source_catalog/archive_retired_evidence.py: before=9894 after=11847
- src/company_wiki/source_catalog/observability.py: before=43707 after=45262
- src/company_wiki/source_catalog/prompt_injection.py: before=20100 after=20638
- src/company_wiki/source_catalog/prune_retired_evidence.py: before=23115 after=25723
- tests/contract/test_archive_retired_evidence_fail_closed.py: before=- after=6933
- tests/contract/test_fc905_receipt_envelope.py: before=11390 after=14745
- tests/contract/test_fc906a_producer_binding_metadata.py: before=12076 after=12656
- tests/contract/test_gp003_llm_exit_receipt_privacy_gate.py: before=8060 after=8461
- tests/contract/test_r4b05_metadata_provenance.py: before=36621 after=37323
- tests/contract/test_source_catalog_archive_retired.py: before=3500 after=4135
- tests/contract/test_source_catalog_focus_admission.py: before=15645 after=16141
- tests/contract/test_source_catalog_prune_retired.py: before=3211 after=4900
- tests/contract/test_source_catalog_worker.py: before=62410 after=62906
- tests/contract/test_zr1003_shadow_assertions.py: before=9910 after=10420
- tools/pre_push_gate.py: before=4434 after=5361

