=== 53-iso-artifacts-exist-in-CW-tree.log ===
question: do the files the AFTER-B run reported missing actually exist in the REAL CW production tree (read-only existence check, zero writes)?
- docs\OPERATIONS.md : EXISTS in CW
- README.md : EXISTS in CW
- AGENTS.md : EXISTS in CW
- candidate-manifest.json : MISSING in CW
- docs\ARCHITECTURE.md : EXISTS in CW
- docs\adr\README.md : EXISTS in CW
- docs\contracts\cw-2.28-receipt.schema.json : EXISTS in CW
- docs\contracts\announcement-collector-v1.md : EXISTS in CW
- docs\contracts\source-manifest-v1.md : EXISTS in CW
- docs\contracts\evidence-query-v1.md : EXISTS in CW
- docs\contracts\extraction-quality-v1.md : EXISTS in CW
- docs\source-catalog.md : EXISTS in CW
- docs\contracts\source-contract-compatibility-v1.md : EXISTS in CW
- docs\contracts\source-export-v1.md : EXISTS in CW
- docs\contracts\pdf-extract-v3-adapter-v1.md : EXISTS in CW
- docs\contracts\pdf-page-aware-parser-v1.md : EXISTS in CW
- artifacts\gates\cw1-source-contract-real-sample-receipt.json : EXISTS in CW
- assurance\fc\FC-906\03_change_contract_fc906b.md : EXISTS in CW
- sibling golden_corpus.json : EXISTS

=> files that exist in CW but were absent from the targeted iso copy are ISO-COPY ARTIFACTS (not CI failures).
count checked: 18 + 1 sibling ; missing in CW: 1
missing list: candidate-manifest.json

