run_id=20260920T033000Z
status=not-ok ok=False exit_code=1
detail=T3 suite exit 1
argv=['weekly_t3_schedule.py', 'run-weekly']
--- suite output, last 20000 chars ---
F...                                                                     [100%]
================================== FAILURES ===================================
_________________ DownloadE2E.test_download_cn_annual_report __________________
C:\Users\郑曾波\Projects\filing-fetch\tests\test_e2e_download.py:144: in test_download_cn_annual_report
    self.assertEqual(rc, 0, out + err)
E   AssertionError: 2 != 0 : {
E     "schema_version": "1.1",
E     "status": "fatal",
E     "error": "company-wiki ensure exited 1: {\"error\": \"adapter stockinfo-cninfo discover exited 1: [04:30:27] ERROR stock_downloader: Browser init failed: BrowserType.launch: Executable doesn't exist at C:\\\\WINDOWS\\\\system32\\\\config\\\\systemprofile\\\\AppData\\\\Local\\\\ms-playwright\\\\chromium_headless_shell-1194\\\\chrome-win\\\\headless_shell.exe\\n╔════════════════════════════════════════════════════════════╗\\n║ Looks like Playwright was just installed or updated.       ║\\n║ Please run the following command to download new browsers: ║\\n║                                                            ║\\n║     playwright install                                     ║\\n║                                                            ║\\n║ <3 Playwright Team                                         ║\\n╚════════════════════════════════════════════════════════════╝\\n{\\\"adapter\\\": {\\\"name\\\": \\\"stockinfo-cninfo\\\", \\\"version\\\": \\\"1.1.0\\\"}, \\\"error\\\": {\\\"code\\\": \\\"upstream_unavailable\\\", \\\"message\\\": \\\"Failed to initialize browser: BrowserType.launch: Executable doesn't exist at C:\\\\\\\\WINDOWS\\\\\\\\system32\\\\\\\\config\\\\\\\\systemprofile\\\\\\\\AppData\\\\\\\\Local\\\\\\\\ms-playwright\\\\\\\\chromium_headless_shell-1194\\\\\\\\chrome-win\\\\\\\\headless_shell.exe\\\\n╔════════════════════════════════════════════════════════════╗\\\\n║ Looks like Playwright was just installed or updated.       ║\\\\n║ Please run the following command to download new browsers: ║\\\\n║                                                            ║\\\\n║     playwright install                                     ║\\\\n║                                                            ║\\\\n║ <3 Playwright Team                                         ║\\\\n╚════════════════════════════════════════════════════════════╝\\\", \\\"retryable\\\": true, \\\"type\\\": \\\"BrowserError\\\"}, \\\"schema_version\\\": \\\"1.0\\\", \\\"status\\\": \\\"failed\\\"}\", \"error_type\": \"fatal\", \"retryable\": false, \"status\": \"failed\"}",
E     "error_code": "fatal",
E     "retryable": false,
E     "stage": "ensure",
E     "attempts": 1,
E     "calls": 3,
E     "downloads": 0
E   }
=========================== short test summary info ===========================
FAILED ..\..\Users\郑曾波\Projects\filing-fetch\tests\test_e2e_download.py::DownloadE2E::test_download_cn_annual_report
1 failed, 3 passed in 111.45s (0:01:51)

