COMMAND: python -X utf8 -B -m pytest -q tests/test_sensitivity_dependency_dag.py tests/test_published_foundation_roundtrip.py tests/test_recognition_bridge.py tests/test_revenue_constraints.py tests/test_research_evidence_roles.py tests/test_native_research_bindings.py tests/test_output_report.py tests/test_golden_behavior_lock.py tests/test_publication_pipeline.py tests/test_industry_end_to_end.py tests/test_data_contract.py tests/test_model_extensions.py tests/test_model_integration_bounds.py tests/test_model_economic_guardrails.py --basetemp C:\Users\郑曾波\AppData\Local\Temp\rf-fresh-final-41hexii9\pytest
EXIT: 1
SECONDS: 11.32
..........F............................................................. [ 35%]
...............s......................... [ 56%]
............................................... [ 79%]
.................................. [ 96%]
.......                              [100%]
================================== FAILURES ===================================
____ test_shocked_descendant_still_obeys_stock_flow_and_scenario_ordering _____

    def test_shocked_descendant_still_obeys_stock_flow_and_scenario_ordering():
        from test_industry_end_to_end import model_document
    
        data = model_document("inventory_sellthrough")
        sold = data["segments"][0]["scenarios"]["base"]["driver_parameter_ids"]["sold_units"][0]
        root = add_parameter(data, "sold_condition", index(data)[sold]["value"], 2026, "base", dimension="quantity")
        index(data)[sold].update(kind="derived_fact", formula="x0", input_parameter_ids=[root])
        data["sensitivity_tests"] = [{"name": "Stock violation", "parameter_id": root,
                                      "shock_type": "absolute", "shock_value": 1}]
        finalize_contract(data)
        with pytest.raises(ForecastInputError, match="stock-flow balance"):
            run_forecast(data)
        crossing, _, _ = h2_document()
        crossing["sensitivity_tests"][0]["shock_value"] = 0.5
>       with pytest.raises(ForecastInputError, match="ordering"):
             ^^^^^^^^^^^^^^^^^^^^^^^^^^^^^^^^^^^^^^^^^^^^^^^^^^^
E       Failed: DID NOT RAISE ForecastInputError

tests\test_sensitivity_dependency_dag.py:167: Failed
=========================== short test summary info ===========================
FAILED tests/test_sensitivity_dependency_dag.py::test_shocked_descendant_still_obeys_stock_flow_and_scenario_ordering
1 failed, 199 passed, 1 skipped, 202 subtests passed in 8.64s
