[2026-09-25T21:02:31Z] index: rapidocr
[2026-09-25T21:02:31Z] NO-COMPATIBLE-WHEEL: rapidocr
[2026-09-25T21:02:31Z] index: onnxruntime
[2026-09-25T21:02:31Z] NO-COMPATIBLE-WHEEL: onnxruntime
[2026-09-25T21:02:31Z] index: pypdfium2
[2026-09-25T21:02:31Z] NO-COMPATIBLE-WHEEL: pypdfium2
[2026-09-25T21:02:31Z] receipts: C:\Users\郑曾波\Projects\revenue-forecast\.planning\2026-09-19-three-project-history-audit\execution_runs\OPEN5-PEND5B-OCR-CAPABILITY\a20260924-01\_dl\build_receipts.json count=3 total=0B bad=[None, None, None]
[2026-09-25T21:02:31Z] installed files=0 collisions=0 skipped=[]
[2026-09-25T21:02:31Z] verify all_ok=False models=0 model_bytes=0
[2026-09-25T21:02:31Z] IMPORT-FAIL: antlr4-python3-runtime: ModuleNotFoundError: No module named 'antlr4'
[2026-09-25T21:02:31Z] IMPORT-FAIL: certifi: ModuleNotFoundError: No module named 'certifi'
[2026-09-25T21:02:31Z] IMPORT-FAIL: charset-normalizer: ModuleNotFoundError: No module named 'charset_normalizer'
[2026-09-25T21:02:31Z] IMPORT-FAIL: coloredlogs: ModuleNotFoundError: No module named 'coloredlogs'
[2026-09-25T21:02:31Z] IMPORT-FAIL: colorlog: ModuleNotFoundError: No module named 'colorlog'
[2026-09-25T21:02:31Z] IMPORT-FAIL: flatbuffers: ModuleNotFoundError: No module named 'flatbuffers'
[2026-09-25T21:02:31Z] IMPORT-FAIL: humanfriendly: ModuleNotFoundError: No module named 'humanfriendly'
[2026-09-25T21:02:31Z] IMPORT-FAIL: idna: ModuleNotFoundError: No module named 'idna'
[2026-09-25T21:02:31Z] IMPORT-FAIL: mpmath: ModuleNotFoundError: No module named 'mpmath'
[2026-09-25T21:02:31Z] IMPORT-FAIL: numpy: ModuleNotFoundError: No module named 'numpy'
[2026-09-25T21:02:31Z] IMPORT-FAIL: omegaconf: ModuleNotFoundError: No module named 'omegaconf'
[2026-09-25T21:02:31Z] IMPORT-FAIL: onnxruntime: ModuleNotFoundError: No module named 'onnxruntime'
[2026-09-25T21:02:31Z] IMPORT-FAIL: opencv-python: ModuleNotFoundError: No module named 'cv2'
[2026-09-25T21:02:31Z] IMPORT-FAIL: packaging: ModuleNotFoundError: No module named 'packaging'
[2026-09-25T21:02:31Z] IMPORT-FAIL: pillow: ModuleNotFoundError: No module named 'PIL'
[2026-09-25T21:02:31Z] IMPORT-FAIL: protobuf: ModuleNotFoundError: No module named 'google'
[2026-09-25T21:02:31Z] IMPORT-FAIL: pyclipper: ModuleNotFoundError: No module named 'pyclipper'
[2026-09-25T21:02:31Z] IMPORT-FAIL: pypdfium2: ModuleNotFoundError: No module named 'pypdfium2'
[2026-09-25T21:02:31Z] IMPORT-FAIL: pyyaml: ModuleNotFoundError: No module named 'yaml'
[2026-09-25T21:02:31Z] IMPORT-FAIL: rapidocr: ModuleNotFoundError: No module named 'rapidocr'
[2026-09-25T21:02:31Z] IMPORT-FAIL: requests: ModuleNotFoundError: No module named 'requests'
[2026-09-25T21:02:31Z] IMPORT-FAIL: shapely: ModuleNotFoundError: No module named 'shapely'
[2026-09-25T21:02:31Z] IMPORT-FAIL: six: ModuleNotFoundError: No module named 'six'
[2026-09-25T21:02:31Z] IMPORT-FAIL: sympy: ModuleNotFoundError: No module named 'sympy'
[2026-09-25T21:02:31Z] IMPORT-FAIL: tqdm: ModuleNotFoundError: No module named 'tqdm'
[2026-09-25T21:02:31Z] IMPORT-FAIL: urllib3: ModuleNotFoundError: No module named 'urllib3'
[2026-09-25T21:05:01Z] index: rapidocr
[2026-09-25T21:05:01Z] index: onnxruntime
[2026-09-25T21:05:01Z] index: pypdfium2
[2026-09-25T21:05:25Z] index: rapidocr
[2026-09-25T21:05:25Z] index: onnxruntime
[2026-09-25T21:05:25Z] index: pypdfium2
[2026-09-25T21:05:43Z] downloaded: rapidocr-3.9.2-py3-none-any.whl 27275208B sha_ok=True
[2026-09-25T21:05:43Z] downloaded: onnxruntime-1.30.0-cp313-cp313-win_amd64.whl 14311378B sha_ok=True
[2026-09-25T21:05:43Z] downloaded: pypdfium2-5.13.0-py3-none-win_amd64.whl 3885553B sha_ok=True
[2026-09-25T21:06:03Z] index: rapidocr
[2026-09-25T21:06:03Z] index: onnxruntime
[2026-09-25T21:06:03Z] index: pypdfium2
[2026-09-25T21:06:04Z] downloaded: rapidocr-3.9.2-py3-none-any.whl 27275208B sha_ok=True
[2026-09-25T21:06:04Z] downloaded: onnxruntime-1.30.0-cp313-cp313-win_amd64.whl 14311378B sha_ok=True
[2026-09-25T21:06:04Z] downloaded: pypdfium2-5.13.0-py3-none-win_amd64.whl 3885553B sha_ok=True
[2026-09-25T21:06:04Z] index: pyclipper
[2026-09-25T21:06:04Z] index: opencv-python
[2026-09-25T21:06:04Z] index: numpy
[2026-09-25T21:06:05Z] index: six
[2026-09-25T21:06:05Z] index: shapely
[2026-09-25T21:06:05Z] index: pyyaml
[2026-09-25T21:06:05Z] index: pillow
[2026-09-25T21:06:06Z] index: tqdm
[2026-09-25T21:06:06Z] index: omegaconf
[2026-09-25T21:06:07Z] index: requests
[2026-09-25T21:06:07Z] index: colorlog
[2026-09-25T21:06:07Z] index: flatbuffers
[2026-09-25T21:06:07Z] index: packaging
[2026-09-25T21:06:07Z] index: protobuf
[2026-09-25T21:06:32Z] downloaded: pyclipper-1.4.0-cp313-cp313-win_amd64.whl 104007B sha_ok=True
[2026-09-25T21:06:32Z] downloaded: opencv_python-5.0.0.93-cp37-abi3-win_amd64.whl 44000345B sha_ok=True
[2026-09-25T21:06:32Z] downloaded: numpy-2.5.3-cp313-cp313-win_amd64.whl 12560965B sha_ok=True
[2026-09-25T21:06:32Z] downloaded: six-1.17.0-py2.py3-none-any.whl 11050B sha_ok=True
[2026-09-25T21:06:32Z] downloaded: shapely-2.1.2-cp313-cp313-win_amd64.whl 1722151B sha_ok=True
[2026-09-25T21:06:32Z] downloaded: pyyaml-6.0.3-cp313-cp313-win_amd64.whl 154090B sha_ok=True
[2026-09-25T21:06:32Z] downloaded: pillow-12.3.0-cp313-cp313-win_amd64.whl 7239691B sha_ok=True
[2026-09-25T21:06:32Z] downloaded: tqdm-4.70.1-py3-none-any.whl 80199B sha_ok=True
[2026-09-25T21:06:32Z] downloaded: omegaconf-2.3.1-py3-none-any.whl 79502B sha_ok=True
[2026-09-25T21:06:32Z] downloaded: requests-2.34.2-py3-none-any.whl 73075B sha_ok=True
[2026-09-25T21:06:32Z] downloaded: colorlog-6.12.0-py3-none-any.whl 12239B sha_ok=True
[2026-09-25T21:06:32Z] downloaded: flatbuffers-25.12.19-py2.py3-none-any.whl 26661B sha_ok=True
[2026-09-25T21:06:32Z] downloaded: packaging-26.3-py3-none-any.whl 129956B sha_ok=True
[2026-09-25T21:06:32Z] downloaded: protobuf-7.36.2-py3-none-any.whl 179806B sha_ok=True
[2026-09-25T21:06:32Z] index: colorama
[2026-09-25T21:06:32Z] index: antlr4-python3-runtime
[2026-09-25T21:06:32Z] index: charset-normalizer
[2026-09-25T21:06:33Z] index: idna
[2026-09-25T21:06:33Z] index: urllib3
[2026-09-25T21:06:33Z] index: certifi
[2026-09-25T21:06:34Z] downloaded: colorama-0.4.6-py2.py3-none-any.whl 25335B sha_ok=True
[2026-09-25T21:06:34Z] downloaded: antlr4_python3_runtime-4.13.2-py3-none-any.whl 144462B sha_ok=True
[2026-09-25T21:06:34Z] downloaded: charset_normalizer-3.5.1-py3-none-any.whl 68658B sha_ok=True
[2026-09-25T21:06:34Z] downloaded: idna-3.20-py3-none-any.whl 69583B sha_ok=True
[2026-09-25T21:06:34Z] downloaded: urllib3-2.8.0-py3-none-any.whl 135717B sha_ok=True
[2026-09-25T21:06:34Z] downloaded: certifi-2026.7.22-py3-none-any.whl 136983B sha_ok=True
[2026-09-25T21:06:34Z] receipts: C:\Users\郑曾波\Projects\revenue-forecast\.planning\2026-09-19-three-project-history-audit\execution_runs\OPEN5-PEND5B-OCR-CAPABILITY\a20260924-01\_dl\build_receipts.json count=23 total=112426614B bad=[]
[2026-09-25T21:08:26Z] index: rapidocr
[2026-09-25T21:08:26Z] index: onnxruntime
[2026-09-25T21:08:26Z] index: pypdfium2
[2026-09-25T21:08:27Z] downloaded: rapidocr-3.9.2-py3-none-any.whl 27275208B sha_ok=True
[2026-09-25T21:08:27Z] downloaded: onnxruntime-1.30.0-cp313-cp313-win_amd64.whl 14311378B sha_ok=True
[2026-09-25T21:08:27Z] downloaded: pypdfium2-5.13.0-py3-none-win_amd64.whl 3885553B sha_ok=True
[2026-09-25T21:08:27Z] index: pyclipper
[2026-09-25T21:08:27Z] index: opencv-python
[2026-09-25T21:08:27Z] index: numpy
[2026-09-25T21:08:28Z] index: six
[2026-09-25T21:08:28Z] index: shapely
[2026-09-25T21:08:29Z] index: pyyaml
[2026-09-25T21:08:29Z] index: pillow
[2026-09-25T21:08:30Z] index: tqdm
[2026-09-25T21:08:30Z] index: omegaconf
[2026-09-25T21:08:30Z] index: requests
[2026-09-25T21:08:30Z] index: colorlog
[2026-09-25T21:08:30Z] index: flatbuffers
[2026-09-25T21:08:30Z] index: packaging
[2026-09-25T21:08:30Z] index: protobuf
[2026-09-25T21:08:31Z] downloaded: pyclipper-1.4.0-cp313-cp313-win_amd64.whl 104007B sha_ok=True
[2026-09-25T21:08:31Z] downloaded: opencv_python-5.0.0.93-cp37-abi3-win_amd64.whl 44000345B sha_ok=True
[2026-09-25T21:08:31Z] downloaded: numpy-2.5.3-cp313-cp313-win_amd64.whl 12560965B sha_ok=True
[2026-09-25T21:08:31Z] downloaded: six-1.17.0-py2.py3-none-any.whl 11050B sha_ok=True
[2026-09-25T21:08:31Z] downloaded: shapely-2.1.2-cp313-cp313-win_amd64.whl 1722151B sha_ok=True
[2026-09-25T21:08:31Z] downloaded: pyyaml-6.0.3-cp313-cp313-win_amd64.whl 154090B sha_ok=True
[2026-09-25T21:08:31Z] downloaded: pillow-12.3.0-cp313-cp313-win_amd64.whl 7239691B sha_ok=True
[2026-09-25T21:08:31Z] downloaded: tqdm-4.70.1-py3-none-any.whl 80199B sha_ok=True
[2026-09-25T21:08:31Z] downloaded: omegaconf-2.3.1-py3-none-any.whl 79502B sha_ok=True
[2026-09-25T21:08:31Z] downloaded: requests-2.34.2-py3-none-any.whl 73075B sha_ok=True
[2026-09-25T21:08:31Z] downloaded: colorlog-6.12.0-py3-none-any.whl 12239B sha_ok=True
[2026-09-25T21:08:31Z] downloaded: flatbuffers-25.12.19-py2.py3-none-any.whl 26661B sha_ok=True
[2026-09-25T21:08:31Z] downloaded: packaging-26.3-py3-none-any.whl 129956B sha_ok=True
[2026-09-25T21:08:31Z] downloaded: protobuf-7.36.2-py3-none-any.whl 179806B sha_ok=True
[2026-09-25T21:08:31Z] index: colorama
[2026-09-25T21:08:31Z] index: antlr4-python3-runtime
[2026-09-25T21:08:31Z] index: charset-normalizer
[2026-09-25T21:08:32Z] index: idna
[2026-09-25T21:08:32Z] index: urllib3
[2026-09-25T21:08:32Z] index: certifi
[2026-09-25T21:08:32Z] downloaded: colorama-0.4.6-py2.py3-none-any.whl 25335B sha_ok=True
[2026-09-25T21:08:32Z] downloaded: antlr4_python3_runtime-4.13.2-py3-none-any.whl 144462B sha_ok=True
[2026-09-25T21:08:32Z] downloaded: charset_normalizer-3.5.1-py3-none-any.whl 68658B sha_ok=True
[2026-09-25T21:08:32Z] downloaded: idna-3.20-py3-none-any.whl 69583B sha_ok=True
[2026-09-25T21:08:32Z] downloaded: urllib3-2.8.0-py3-none-any.whl 135717B sha_ok=True
[2026-09-25T21:08:32Z] downloaded: certifi-2026.7.22-py3-none-any.whl 136983B sha_ok=True
[2026-09-25T21:08:32Z] receipts: C:\Users\郑曾波\Projects\revenue-forecast\.planning\2026-09-19-three-project-history-audit\execution_runs\OPEN5-PEND5B-OCR-CAPABILITY\a20260924-01\_dl\build_receipts.json count=23 total=112426614B bad=[]
[2026-09-25T21:08:38Z] installed files=2164 collisions=1243 skipped=[]
[2026-09-25T21:08:49Z] verify all_ok=False models=3 model_bytes=31749509
[2026-09-25T21:08:49Z] IMPORT-FAIL: coloredlogs: ModuleNotFoundError: No module named 'coloredlogs'
[2026-09-25T21:08:49Z] IMPORT-FAIL: humanfriendly: ModuleNotFoundError: No module named 'humanfriendly'
[2026-09-25T21:08:49Z] IMPORT-FAIL: mpmath: ModuleNotFoundError: No module named 'mpmath'
[2026-09-25T21:08:49Z] IMPORT-FAIL: omegaconf: Exception: Could not deserialize ATN with version 3 (expected 4).
[2026-09-25T21:08:49Z] IMPORT-FAIL: sympy: ModuleNotFoundError: No module named 'sympy'
[2026-09-25T21:13:50Z] index: rapidocr
[2026-09-25T21:13:50Z] index: onnxruntime
[2026-09-25T21:13:50Z] index: pypdfium2
[2026-09-25T21:13:51Z] downloaded: rapidocr-3.9.2-py3-none-any.whl 27275208B sha_ok=True
[2026-09-25T21:13:51Z] downloaded: onnxruntime-1.30.0-cp313-cp313-win_amd64.whl 14311378B sha_ok=True
[2026-09-25T21:13:51Z] downloaded: pypdfium2-5.13.0-py3-none-win_amd64.whl 3885553B sha_ok=True
[2026-09-25T21:13:51Z] index: pyclipper
[2026-09-25T21:13:51Z] index: opencv-python
[2026-09-25T21:13:51Z] index: numpy
[2026-09-25T21:13:52Z] index: six
[2026-09-25T21:13:52Z] index: shapely
[2026-09-25T21:13:52Z] index: pyyaml
[2026-09-25T21:13:53Z] index: pillow
[2026-09-25T21:13:54Z] index: tqdm
[2026-09-25T21:13:54Z] index: omegaconf
[2026-09-25T21:13:54Z] index: requests
[2026-09-25T21:13:54Z] index: colorlog
[2026-09-25T21:13:54Z] index: flatbuffers
[2026-09-25T21:13:54Z] index: packaging
[2026-09-25T21:13:54Z] index: protobuf
[2026-09-25T21:13:55Z] downloaded: pyclipper-1.4.0-cp313-cp313-win_amd64.whl 104007B sha_ok=True
[2026-09-25T21:13:55Z] downloaded: opencv_python-5.0.0.93-cp37-abi3-win_amd64.whl 44000345B sha_ok=True
[2026-09-25T21:13:55Z] downloaded: numpy-2.5.3-cp313-cp313-win_amd64.whl 12560965B sha_ok=True
[2026-09-25T21:13:55Z] downloaded: six-1.17.0-py2.py3-none-any.whl 11050B sha_ok=True
[2026-09-25T21:13:55Z] downloaded: shapely-2.1.2-cp313-cp313-win_amd64.whl 1722151B sha_ok=True
[2026-09-25T21:13:55Z] downloaded: pyyaml-6.0.3-cp313-cp313-win_amd64.whl 154090B sha_ok=True
[2026-09-25T21:13:55Z] downloaded: pillow-12.3.0-cp313-cp313-win_amd64.whl 7239691B sha_ok=True
[2026-09-25T21:13:55Z] downloaded: tqdm-4.70.1-py3-none-any.whl 80199B sha_ok=True
[2026-09-25T21:13:55Z] downloaded: omegaconf-2.3.1-py3-none-any.whl 79502B sha_ok=True
[2026-09-25T21:13:55Z] downloaded: requests-2.34.2-py3-none-any.whl 73075B sha_ok=True
[2026-09-25T21:13:55Z] downloaded: colorlog-6.12.0-py3-none-any.whl 12239B sha_ok=True
[2026-09-25T21:13:55Z] downloaded: flatbuffers-25.12.19-py2.py3-none-any.whl 26661B sha_ok=True
[2026-09-25T21:13:55Z] downloaded: packaging-26.3-py3-none-any.whl 129956B sha_ok=True
[2026-09-25T21:13:55Z] downloaded: protobuf-7.36.2-py3-none-any.whl 179806B sha_ok=True
[2026-09-25T21:13:55Z] index: colorama
[2026-09-25T21:13:55Z] index: antlr4-python3-runtime
[2026-09-25T21:13:55Z] index: charset-normalizer
[2026-09-25T21:13:56Z] index: idna
[2026-09-25T21:13:56Z] index: urllib3
[2026-09-25T21:13:56Z] index: certifi
[2026-09-25T21:13:56Z] downloaded: colorama-0.4.6-py2.py3-none-any.whl 25335B sha_ok=True
[2026-09-25T21:13:56Z] downloaded: antlr4_python3_runtime-4.13.2-py3-none-any.whl 144462B sha_ok=True
[2026-09-25T21:13:56Z] downloaded: charset_normalizer-3.5.1-py3-none-any.whl 68658B sha_ok=True
[2026-09-25T21:13:56Z] downloaded: idna-3.20-py3-none-any.whl 69583B sha_ok=True
[2026-09-25T21:13:56Z] downloaded: urllib3-2.8.0-py3-none-any.whl 135717B sha_ok=True
[2026-09-25T21:13:56Z] downloaded: certifi-2026.7.22-py3-none-any.whl 136983B sha_ok=True
[2026-09-25T21:13:56Z] receipts: C:\Users\郑曾波\Projects\revenue-forecast\.planning\2026-09-19-three-project-history-audit\execution_runs\OPEN5-PEND5B-OCR-CAPABILITY\a20260924-01\_dl\build_receipts.json count=23 total=112426614B bad=[]
[2026-09-25T21:14:04Z] installed files=2164 collisions=2162 skipped=[]
[2026-09-25T21:14:17Z] verify all_ok=False models=3 model_bytes=31749509
[2026-09-25T21:14:17Z] IMPORT-FAIL: omegaconf: Exception: Could not deserialize ATN with version 3 (expected 4).
[2026-09-25T21:16:11Z] index: rapidocr
[2026-09-25T21:16:11Z] index: onnxruntime
[2026-09-25T21:16:12Z] index: pypdfium2
[2026-09-25T21:16:12Z] downloaded: rapidocr-3.9.2-py3-none-any.whl 27275208B sha_ok=True
[2026-09-25T21:16:12Z] downloaded: onnxruntime-1.30.0-cp313-cp313-win_amd64.whl 14311378B sha_ok=True
[2026-09-25T21:16:12Z] downloaded: pypdfium2-5.13.0-py3-none-win_amd64.whl 3885553B sha_ok=True
[2026-09-25T21:16:12Z] index: pyclipper
[2026-09-25T21:16:12Z] index: opencv-python
[2026-09-25T21:16:12Z] index: numpy
[2026-09-25T21:16:13Z] index: six
[2026-09-25T21:16:13Z] index: shapely
[2026-09-25T21:16:14Z] index: pyyaml
[2026-09-25T21:16:14Z] index: pillow
[2026-09-25T21:16:15Z] index: tqdm
[2026-09-25T21:16:15Z] index: omegaconf
[2026-09-25T21:16:15Z] index: requests
[2026-09-25T21:16:15Z] index: colorlog
[2026-09-25T21:16:15Z] index: flatbuffers
[2026-09-25T21:16:15Z] index: packaging
[2026-09-25T21:16:15Z] index: protobuf
[2026-09-25T21:16:16Z] downloaded: pyclipper-1.4.0-cp313-cp313-win_amd64.whl 104007B sha_ok=True
[2026-09-25T21:16:16Z] downloaded: opencv_python-5.0.0.93-cp37-abi3-win_amd64.whl 44000345B sha_ok=True
[2026-09-25T21:16:16Z] downloaded: numpy-2.5.3-cp313-cp313-win_amd64.whl 12560965B sha_ok=True
[2026-09-25T21:16:16Z] downloaded: six-1.17.0-py2.py3-none-any.whl 11050B sha_ok=True
[2026-09-25T21:16:16Z] downloaded: shapely-2.1.2-cp313-cp313-win_amd64.whl 1722151B sha_ok=True
[2026-09-25T21:16:16Z] downloaded: pyyaml-6.0.3-cp313-cp313-win_amd64.whl 154090B sha_ok=True
[2026-09-25T21:16:16Z] downloaded: pillow-12.3.0-cp313-cp313-win_amd64.whl 7239691B sha_ok=True
[2026-09-25T21:16:16Z] downloaded: tqdm-4.70.1-py3-none-any.whl 80199B sha_ok=True
[2026-09-25T21:16:16Z] downloaded: omegaconf-2.3.1-py3-none-any.whl 79502B sha_ok=True
[2026-09-25T21:16:16Z] downloaded: requests-2.34.2-py3-none-any.whl 73075B sha_ok=True
[2026-09-25T21:16:16Z] downloaded: colorlog-6.12.0-py3-none-any.whl 12239B sha_ok=True
[2026-09-25T21:16:16Z] downloaded: flatbuffers-25.12.19-py2.py3-none-any.whl 26661B sha_ok=True
[2026-09-25T21:16:16Z] downloaded: packaging-26.3-py3-none-any.whl 129956B sha_ok=True
[2026-09-25T21:16:16Z] downloaded: protobuf-7.36.2-py3-none-any.whl 179806B sha_ok=True
[2026-09-25T21:16:16Z] index: colorama
[2026-09-25T21:16:16Z] index: antlr4-python3-runtime
[2026-09-25T21:16:16Z] sdist-fallback: antlr4-python3-runtime -> antlr4-python3-runtime-4.9.3.tar.gz (no compatible wheel; pure-python source install)
[2026-09-25T21:16:16Z] index: charset-normalizer
[2026-09-25T21:16:17Z] index: idna
[2026-09-25T21:16:17Z] index: urllib3
[2026-09-25T21:16:17Z] index: certifi
[2026-09-25T21:16:17Z] downloaded: colorama-0.4.6-py2.py3-none-any.whl 25335B sha_ok=True
[2026-09-25T21:16:17Z] downloaded: antlr4-python3-runtime-4.9.3.tar.gz 117034B sha_ok=True
[2026-09-25T21:16:17Z] downloaded: charset_normalizer-3.5.1-py3-none-any.whl 68658B sha_ok=True
[2026-09-25T21:16:17Z] downloaded: idna-3.20-py3-none-any.whl 69583B sha_ok=True
[2026-09-25T21:16:17Z] downloaded: urllib3-2.8.0-py3-none-any.whl 135717B sha_ok=True
[2026-09-25T21:16:17Z] downloaded: certifi-2026.7.22-py3-none-any.whl 136983B sha_ok=True
[2026-09-25T21:16:17Z] sdist: antlr4-python3-runtime 4.9.3 installed as source package (deps not machine-readable from sdist; none expected)
[2026-09-25T21:16:17Z] receipts: C:\Users\郑曾波\Projects\revenue-forecast\.planning\2026-09-19-three-project-history-audit\execution_runs\OPEN5-PEND5B-OCR-CAPABILITY\a20260924-01\_dl\build_receipts.json count=23 total=112399186B bad=[]
[2026-09-25T21:16:22Z] installed files=2101 collisions=2099 skipped=[]
[2026-09-25T21:16:29Z] verify all_ok=False models=3 model_bytes=31749509
[2026-09-25T21:16:29Z] IMPORT-FAIL: antlr4-python3-runtime: ModuleNotFoundError: No module named 'antlr4'
[2026-09-25T21:16:29Z] IMPORT-FAIL: omegaconf: ModuleNotFoundError: No module named 'antlr4'
[2026-09-25T21:17:33Z] index: rapidocr
[2026-09-25T21:17:33Z] index: onnxruntime
[2026-09-25T21:17:33Z] index: pypdfium2
[2026-09-25T21:17:33Z] downloaded: rapidocr-3.9.2-py3-none-any.whl 27275208B sha_ok=True
[2026-09-25T21:17:33Z] downloaded: onnxruntime-1.30.0-cp313-cp313-win_amd64.whl 14311378B sha_ok=True
[2026-09-25T21:17:33Z] downloaded: pypdfium2-5.13.0-py3-none-win_amd64.whl 3885553B sha_ok=True
[2026-09-25T21:17:33Z] index: pyclipper
[2026-09-25T21:17:34Z] index: opencv-python
[2026-09-25T21:17:34Z] index: numpy
[2026-09-25T21:17:35Z] index: six
[2026-09-25T21:17:35Z] index: shapely
[2026-09-25T21:17:35Z] index: pyyaml
[2026-09-25T21:17:36Z] index: pillow
[2026-09-25T21:17:37Z] index: tqdm
[2026-09-25T21:17:37Z] index: omegaconf
[2026-09-25T21:17:37Z] index: requests
[2026-09-25T21:17:37Z] index: colorlog
[2026-09-25T21:17:37Z] index: flatbuffers
[2026-09-25T21:17:37Z] index: packaging
[2026-09-25T21:17:37Z] index: protobuf
[2026-09-25T21:17:38Z] downloaded: pyclipper-1.4.0-cp313-cp313-win_amd64.whl 104007B sha_ok=True
[2026-09-25T21:17:38Z] downloaded: opencv_python-5.0.0.93-cp37-abi3-win_amd64.whl 44000345B sha_ok=True
[2026-09-25T21:17:38Z] downloaded: numpy-2.5.3-cp313-cp313-win_amd64.whl 12560965B sha_ok=True
[2026-09-25T21:17:38Z] downloaded: six-1.17.0-py2.py3-none-any.whl 11050B sha_ok=True
[2026-09-25T21:17:38Z] downloaded: shapely-2.1.2-cp313-cp313-win_amd64.whl 1722151B sha_ok=True
[2026-09-25T21:17:38Z] downloaded: pyyaml-6.0.3-cp313-cp313-win_amd64.whl 154090B sha_ok=True
[2026-09-25T21:17:38Z] downloaded: pillow-12.3.0-cp313-cp313-win_amd64.whl 7239691B sha_ok=True
[2026-09-25T21:17:38Z] downloaded: tqdm-4.70.1-py3-none-any.whl 80199B sha_ok=True
[2026-09-25T21:17:38Z] downloaded: omegaconf-2.3.1-py3-none-any.whl 79502B sha_ok=True
[2026-09-25T21:17:38Z] downloaded: requests-2.34.2-py3-none-any.whl 73075B sha_ok=True
[2026-09-25T21:17:38Z] downloaded: colorlog-6.12.0-py3-none-any.whl 12239B sha_ok=True
[2026-09-25T21:17:38Z] downloaded: flatbuffers-25.12.19-py2.py3-none-any.whl 26661B sha_ok=True
[2026-09-25T21:17:38Z] downloaded: packaging-26.3-py3-none-any.whl 129956B sha_ok=True
[2026-09-25T21:17:38Z] downloaded: protobuf-7.36.2-py3-none-any.whl 179806B sha_ok=True
[2026-09-25T21:17:38Z] index: colorama
[2026-09-25T21:17:38Z] index: antlr4-python3-runtime
[2026-09-25T21:17:38Z] sdist-fallback: antlr4-python3-runtime -> antlr4-python3-runtime-4.9.3.tar.gz (no compatible wheel; pure-python source install)
[2026-09-25T21:17:38Z] index: charset-normalizer
[2026-09-25T21:17:39Z] index: idna
[2026-09-25T21:17:39Z] index: urllib3
[2026-09-25T21:17:39Z] index: certifi
[2026-09-25T21:17:39Z] downloaded: colorama-0.4.6-py2.py3-none-any.whl 25335B sha_ok=True
[2026-09-25T21:17:39Z] downloaded: antlr4-python3-runtime-4.9.3.tar.gz 117034B sha_ok=True
[2026-09-25T21:17:39Z] downloaded: charset_normalizer-3.5.1-py3-none-any.whl 68658B sha_ok=True
[2026-09-25T21:17:39Z] downloaded: idna-3.20-py3-none-any.whl 69583B sha_ok=True
[2026-09-25T21:17:39Z] downloaded: urllib3-2.8.0-py3-none-any.whl 135717B sha_ok=True
[2026-09-25T21:17:39Z] downloaded: certifi-2026.7.22-py3-none-any.whl 136983B sha_ok=True
[2026-09-25T21:17:39Z] sdist: antlr4-python3-runtime 4.9.3 installed as source package (deps not machine-readable from sdist; none expected)
[2026-09-25T21:17:39Z] receipts: C:\Users\郑曾波\Projects\revenue-forecast\.planning\2026-09-19-three-project-history-audit\execution_runs\OPEN5-PEND5B-OCR-CAPABILITY\a20260924-01\_dl\build_receipts.json count=23 total=112399186B bad=[]
[2026-09-25T21:17:44Z] installed files=2157 collisions=2099 skipped=[]
[2026-09-25T21:17:52Z] verify all_ok=True models=3 model_bytes=31749509
